Component: Arm Compiler for Embedded 6.24 Tool: armlink [5f371500]

==============================================================================

Section Cross References

    lab_8_code.o(.ARM.exidx.text.ENABLE_CLKS) refers to lab_8_code.o(.text.ENABLE_CLKS) for [Anonymous Symbol]
    lab_8_code.o(.text.Init_SysTick) refers to aeabi_sdiv.o(.text) for __aeabi_uidiv
    lab_8_code.o(.text.Init_SysTick) refers to lab_8_code.o(.text.SysTick_Config) for SysTick_Config
    lab_8_code.o(.text.Init_SysTick) refers to lab_8_code.o(.text.__NVIC_SetPriority) for __NVIC_SetPriority
    lab_8_code.o(.text.Init_SysTick) refers to system_mkl25z4.o(.data.SystemCoreClock) for SystemCoreClock
    lab_8_code.o(.ARM.exidx.text.Init_SysTick) refers to lab_8_code.o(.text.Init_SysTick) for [Anonymous Symbol]
    lab_8_code.o(.text.SysTick_Config) refers to lab_8_code.o(.text.__NVIC_SetPriority) for __NVIC_SetPriority
    lab_8_code.o(.ARM.exidx.text.SysTick_Config) refers to lab_8_code.o(.text.SysTick_Config) for [Anonymous Symbol]
    lab_8_code.o(.ARM.exidx.text.__NVIC_SetPriority) refers to lab_8_code.o(.text.__NVIC_SetPriority) for [Anonymous Symbol]
    lab_8_code.o(.text.Init_Buttons) refers to lab_8_code.o(.text.__NVIC_SetPriority) for __NVIC_SetPriority
    lab_8_code.o(.text.Init_Buttons) refers to lab_8_code.o(.text.__NVIC_ClearPendingIRQ) for __NVIC_ClearPendingIRQ
    lab_8_code.o(.text.Init_Buttons) refers to lab_8_code.o(.text.__NVIC_EnableIRQ) for __NVIC_EnableIRQ
    lab_8_code.o(.ARM.exidx.text.Init_Buttons) refers to lab_8_code.o(.text.Init_Buttons) for [Anonymous Symbol]
    lab_8_code.o(.ARM.exidx.text.__NVIC_ClearPendingIRQ) refers to lab_8_code.o(.text.__NVIC_ClearPendingIRQ) for [Anonymous Symbol]
    lab_8_code.o(.ARM.exidx.text.__NVIC_EnableIRQ) refers to lab_8_code.o(.text.__NVIC_EnableIRQ) for [Anonymous Symbol]
    lab_8_code.o(.text.PORTA_IRQHandler) refers to lab_8_code.o(.bss.system_ms) for system_ms
    lab_8_code.o(.text.PORTA_IRQHandler) refers to lab_8_code.o(.bss.PORTA_IRQHandler.last_press_time) for [Anonymous Symbol]
    lab_8_code.o(.text.PORTA_IRQHandler) refers to lab_8_code.o(.bss.program_start) for program_start
    lab_8_code.o(.ARM.exidx.text.PORTA_IRQHandler) refers to lab_8_code.o(.text.PORTA_IRQHandler) for [Anonymous Symbol]
    lab_8_code.o(.ARM.exidx.text.Init_LEDs) refers to lab_8_code.o(.text.Init_LEDs) for [Anonymous Symbol]
    lab_8_code.o(.text.PIT_Init) refers to f2d.o(.text) for __aeabi_f2d
    lab_8_code.o(.text.PIT_Init) refers to dmul.o(.text) for __aeabi_dmul
    lab_8_code.o(.text.PIT_Init) refers to dfixui.o(.text) for __aeabi_d2uiz
    lab_8_code.o(.text.PIT_Init) refers to lab_8_code.o(.text.__NVIC_ClearPendingIRQ) for __NVIC_ClearPendingIRQ
    lab_8_code.o(.text.PIT_Init) refers to lab_8_code.o(.text.__NVIC_SetPriority) for __NVIC_SetPriority
    lab_8_code.o(.text.PIT_Init) refers to lab_8_code.o(.text.__NVIC_EnableIRQ) for __NVIC_EnableIRQ
    lab_8_code.o(.ARM.exidx.text.PIT_Init) refers to lab_8_code.o(.text.PIT_Init) for [Anonymous Symbol]
    lab_8_code.o(.text.PIT_IRQHandler) refers to lab_8_code.o(.bss.system_ms) for system_ms
    lab_8_code.o(.text.PIT_IRQHandler) refers to lab_8_code.o(.bss.pit_count) for pit_count
    lab_8_code.o(.ARM.exidx.text.PIT_IRQHandler) refers to lab_8_code.o(.text.PIT_IRQHandler) for [Anonymous Symbol]
    lab_8_code.o(.text.get_bpm) refers to aeabi_sdiv.o(.text) for __aeabi_uidiv
    lab_8_code.o(.ARM.exidx.text.get_bpm) refers to lab_8_code.o(.text.get_bpm) for [Anonymous Symbol]
    lab_8_code.o(.text.displayString) refers to lcd_lib_4bit_20b.o(.text.LCD_command) for LCD_command
    lab_8_code.o(.text.displayString) refers to lcd_lib_4bit_20b.o(.text.LCD_send_data) for LCD_send_data
    lab_8_code.o(.ARM.exidx.text.displayString) refers to lab_8_code.o(.text.displayString) for [Anonymous Symbol]
    lab_8_code.o(.text.SysTick_Handler) refers to lab_8_code.o(.bss.SysTick_Handler.tick_count) for [Anonymous Symbol]
    lab_8_code.o(.text.SysTick_Handler) refers to lab_8_code.o(.bss.beat_trig) for beat_trig
    lab_8_code.o(.ARM.exidx.text.SysTick_Handler) refers to lab_8_code.o(.text.SysTick_Handler) for [Anonymous Symbol]
    lab_8_code.o(.text.get_heartbeat) refers to lab_8_code.o(.bss.program_start) for program_start
    lab_8_code.o(.text.get_heartbeat) refers to lab_8_code.o(.data.HB_prog) for HB_prog
    lab_8_code.o(.text.get_heartbeat) refers to lab_8_code.o(.data.waiting_for_first_beat) for waiting_for_first_beat
    lab_8_code.o(.text.get_heartbeat) refers to lab_8_code.o(.bss.get_heartbeat.last_trig_state) for [Anonymous Symbol]
    lab_8_code.o(.text.get_heartbeat) refers to lab_8_code.o(.bss.beat_trig) for beat_trig
    lab_8_code.o(.text.get_heartbeat) refers to lab_8_code.o(.bss.pit_count) for pit_count
    lab_8_code.o(.text.get_heartbeat) refers to lab_8_code.o(.bss.n_counts) for n_counts
[...]
    ../clib/printf_percent.s                 0x00000000   Number         0  _printf_lc.o ABSOLUTE
    ../clib/printf_percent.s                 0x00000000   Number         0  _printf_ls.o ABSOLUTE
    ../clib/printf_percent.s                 0x00000000   Number         0  _printf_llo.o ABSOLUTE
    ../clib/printf_percent.s                 0x00000000   Number         0  _printf_llx.o ABSOLUTE
    ../clib/printf_percent.s                 0x00000000   Number         0  _printf_percent_end.o ABSOLUTE
    ../clib/signal.c                         0x00000000   Number         0  defsig_fpe_outer.o ABSOLUTE
    ../clib/signal.c                         0x00000000   Number         0  defsig_fpe_formal.o ABSOLUTE
    ../clib/signal.c                         0x00000000   Number         0  defsig_exit.o ABSOLUTE
    ../clib/signal.c                         0x00000000   Number         0  defsig_fpe_inner.o ABSOLUTE
    ../clib/signal.c                         0x00000000   Number         0  __raise.o ABSOLUTE
    ../clib/signal.c                         0x00000000   Number         0  defsig_general.o ABSOLUTE
    ../clib/signal.c                         0x00000000   Number         0  defsig_abrt_inner.o ABSOLUTE
    ../clib/signal.c                         0x00000000   Number         0  defsig_rtred_inner.o ABSOLUTE
    ../clib/signal.c                         0x00000000   Number         0  defsig_rtmem_inner.o ABSOLUTE
    ../clib/signal.c                         0x00000000   Number         0  defsig_rtmem_outer.o ABSOLUTE
    ../clib/signal.c                         0x00000000   Number         0  defsig_rtmem_formal.o ABSOLUTE
    ../clib/signal.c                         0x00000000   Number         0  defsig_stak_inner.o ABSOLUTE
    ../clib/signal.c                         0x00000000   Number         0  defsig_pvfn_inner.o ABSOLUTE
    ../clib/signal.c                         0x00000000   Number         0  defsig_cppl_inner.o ABSOLUTE
    ../clib/signal.c                         0x00000000   Number         0  defsig_segv_inner.o ABSOLUTE
    ../clib/signal.c                         0x00000000   Number         0  defsig_other.o ABSOLUTE
    ../clib/signal.s                         0x00000000   Number         0  defsig.o ABSOLUTE
    ../clib/stdlib.c                         0x00000000   Number         0  exit.o ABSOLUTE
    ../clib/string.c                         0x00000000   Number         0  strcmp.o ABSOLUTE
    ../fplib/cfplib/dmul.c                   0x00000000   Number         0  dmul.o ABSOLUTE
    ../fplib/cfplib/f2d.c                    0x00000000   Number         0  f2d.o ABSOLUTE
    ../fplib/cfplib/ffix.c                   0x00000000   Number         0  dfixui.o ABSOLUTE
    ../fplib/cfplib/fpinit.c                 0x00000000   Number         0  fpinit.o ABSOLUTE
    ../fplib/cfplib/ieee_status.c            0x00000000   Number         0  ieee_status.o ABSOLUTE
    ../fplib/printf1.s                       0x00000000   Number         0  printf1.o ABSOLUTE
    ../fplib/printf2.s                       0x00000000   Number         0  printf2.o ABSOLUTE
    ../fplib/printf2a.s                      0x00000000   Number         0  printf2a.o ABSOLUTE
    ../fplib/printf2b.s                      0x00000000   Number         0  printf2b.o ABSOLUTE
    ../fplib/usenofp.s                       0x00000000   Number         0  usenofp.o ABSOLUTE
    ../mathlib/fpclassify.c                  0x00000000   Number         0  fpclassify.o ABSOLUTE
    Lab_8_Code.c                             0x00000000   Number         0  lab_8_code.o ABSOLUTE
    RTE/Device/MKL25Z128xxx4/startup_MKL25Z4.s 0x00000000   Number         0  startup_mkl25z4.o ABSOLUTE
    dc.s                                     0x00000000   Number         0  dc.o ABSOLUTE
    lcd_lib_4bit_20b.c                       0x00000000   Number         0  lcd_lib_4bit_20b.o ABSOLUTE
    system_MKL25Z4.c                         0x00000000   Number         0  system_mkl25z4.o ABSOLUTE
    RESET                                    0x00000000   Section      192  startup_mkl25z4.o(RESET)
    !!!main                                  0x000000c0   Section        8  __main.o(!!!main)
    !!!scatter                               0x000000c8   Section       84  __scatter.o(!!!scatter)
    !!handler_copy                           0x0000011c   Section       26  __scatter_copy.o(!!handler_copy)
    !!handler_null                           0x00000138   Section        2  __scatter.o(!!handler_null)
    !!handler_zi                             0x0000013c   Section       28  __scatter_zi.o(!!handler_zi)
    .ARM.Collect$$_printf_percent$$00000000  0x00000158   Section        2  _printf_percent.o(.ARM.Collect$$_printf_percent$$00000000)
    .ARM.Collect$$_printf_percent$$00000001  0x0000015a   Section       10  _printf_n.o(.ARM.Collect$$_printf_percent$$00000001)
    .ARM.Collect$$_printf_percent$$00000002  0x00000164   Section       10  _printf_p.o(.ARM.Collect$$_printf_percent$$00000002)
    .ARM.Collect$$_printf_percent$$00000003  0x0000016e   Section       10  _printf_f.o(.ARM.Collect$$_printf_percent$$00000003)
    .ARM.Collect$$_printf_percent$$00000004  0x00000178   Section       10  _printf_e.o(.ARM.Collect$$_printf_percent$$00000004)
    .ARM.Collect$$_printf_percent$$00000005  0x00000182   Section       10  _printf_g.o(.ARM.Collect$$_printf_percent$$00000005)
    .ARM.Collect$$_printf_percent$$00000006  0x0000018c   Section       10  _printf_a.o(.ARM.Collect$$_printf_percent$$00000006)
    .ARM.Collect$$_printf_percent$$00000007  0x00000196   Section       10  _printf_ll.o(.ARM.Collect$$_printf_percent$$00000007)
    .ARM.Collect$$_printf_percent$$00000008  0x000001a0   Section       10  _printf_i.o(.ARM.Collect$$_printf_percent$$00000008)
    .ARM.Collect$$_printf_percent$$00000009  0x000001aa   Section       10  _printf_d.o(.ARM.Collect$$_printf_percent$$00000009)
    .ARM.Collect$$_printf_percent$$0000000A  0x000001b4   Section       10  _printf_u.o(.ARM.Collect$$_printf_percent$$0000000A)
    .ARM.Collect$$_printf_percent$$0000000B  0x000001be   Section       10  _printf_o.o(.ARM.Collect$$_printf_percent$$0000000B)
    .ARM.Collect$$_printf_percent$$0000000C  0x000001c8   Section       10  _printf_x.o(.ARM.Collect$$_printf_percent$$0000000C)
    .ARM.Collect$$_printf_percent$$0000000D  0x000001d2   Section       10  _printf_lli.o(.ARM.Collect$$_printf_percent$$0000000D)
    .ARM.Collect$$_printf_percent$$0000000E  0x000001dc   Section       10  _printf_lld.o(.ARM.Collect$$_printf_percent$$0000000E)
    .ARM.Collect$$_printf_percent$$0000000F  0x000001e6   Section       10  _printf_llu.o(.ARM.Collect$$_printf_percent$$0000000F)
    .ARM.Collect$$_printf_percent$$00000010  0x000001f0   Section       10  _printf_llo.o(.ARM.Collect$$_printf_percent$$00000010)
    .ARM.Collect$$_printf_percent$$00000011  0x000001fa   Section       10  _printf_llx.o(.ARM.Collect$$_printf_percent$$00000011)
    .ARM.Collect$$_printf_percent$$00000012  0x00000204   Section       10  _printf_l.o(.ARM.Collect$$_printf_percent$$00000012)
    .ARM.Collect$$_printf_percent$$00000013  0x0000020e   Section       10  _printf_c.o(.ARM.Collect$$_printf_percent$$00000013)
    .ARM.Collect$$_printf_percent$$00000014  0x00000218   Section       10  _printf_s.o(.ARM.Collect$$_printf_percent$$00000014)
    .ARM.Collect$$_printf_percent$$00000015  0x00000222   Section       10  _printf_lc.o(.ARM.Collect$$_printf_percent$$00000015)
    .ARM.Collect$$_printf_percent$$00000016  0x0000022c   Section       10  _printf_ls.o(.ARM.Collect$$_printf_percent$$00000016)
    .ARM.Collect$$_printf_percent$$00000017  0x00000236   Section        4  _printf_percent_end.o(.ARM.Collect$$_printf_percent$$00000017)
    .ARM.Collect$$libinit$$00000000          0x0000023a   Section        2  libinit.o(.ARM.Collect$$libinit$$00000000)
    .ARM.Collect$$libinit$$00000002          0x0000023c   Section        0  libinit2.o(.ARM.Collect$$libinit$$00000002)
    .ARM.Collect$$libinit$$00000004          0x0000023c   Section        0  libinit2.o(.ARM.Collect$$libinit$$00000004)
    .ARM.Collect$$libinit$$00000006          0x0000023c   Section        0  libinit2.o(.ARM.Collect$$libinit$$00000006)
    .ARM.Collect$$libinit$$0000000C          0x0000023c   Section        0  libinit2.o(.ARM.Collect$$libinit$$0000000C)
    .ARM.Collect$$libinit$$0000000E          0x0000023c   Section        0  libinit2.o(.ARM.Collect$$libinit$$0000000E)
    .ARM.Collect$$libinit$$00000010          0x0000023c   Section        0  libinit2.o(.ARM.Collect$$libinit$$00000010)
    .ARM.Collect$$libinit$$00000011          0x0000023c   Section        6  libinit2.o(.ARM.Collect$$libinit$$00000011)
    .ARM.Collect$$libinit$$00000013          0x00000242   Section        0  libinit2.o(.ARM.Collect$$libinit$$00000013)
    .ARM.Collect$$libinit$$00000014          0x00000242   Section       12  libinit2.o(.ARM.Collect$$libinit$$00000014)
    .ARM.Collect$$libinit$$00000015          0x0000024e   Section        0  libinit2.o(.ARM.Collect$$libinit$$00000015)
    .ARM.Collect$$libinit$$00000017          0x0000024e   Section        0  libinit2.o(.ARM.Collect$$libinit$$00000017)
    .ARM.Collect$$libinit$$00000018          0x0000024e   Section       10  libinit2.o(.ARM.Collect$$libinit$$00000018)
    .ARM.Collect$$libinit$$00000019          0x00000258   Section        0  libinit2.o(.ARM.Collect$$libinit$$00000019)
    .ARM.Collect$$libinit$$0000001B          0x00000258   Section        0  libinit2.o(.ARM.Collect$$libinit$$0000001B)
    .ARM.Collect$$libinit$$0000001D          0x00000258   Section        0  libinit2.o(.ARM.Collect$$libinit$$0000001D)
    .ARM.Collect$$libinit$$0000001F          0x00000258   Section        0  libinit2.o(.ARM.Collect$$libinit$$0000001F)
    .ARM.Collect$$libinit$$00000021          0x00000258   Section        0  libinit2.o(.ARM.Collect$$libinit$$00000021)
    .ARM.Collect$$libinit$$00000023          0x00000258   Section        0  libinit2.o(.ARM.Collect$$libinit$$00000023)
    .ARM.Collect$$libinit$$00000025          0x00000258   Section        0  libinit2.o(.ARM.Collect$$libinit$$00000025)
    .ARM.Collect$$libinit$$00000027          0x00000258   Section        0  libinit2.o(.ARM.Collect$$libinit$$00000027)
    .ARM.Collect$$libinit$$0000002E          0x00000258   Section        0  libinit2.o(.ARM.Collect$$libinit$$0000002E)
    .ARM.Collect$$libinit$$00000030          0x00000258   Section        0  libinit2.o(.ARM.Collect$$libinit$$00000030)
    .ARM.Collect$$libinit$$00000032          0x00000258   Section        0  libinit2.o(.ARM.Collect$$libinit$$00000032)
    .ARM.Collect$$libinit$$00000034          0x00000258   Section        0  libinit2.o(.ARM.Collect$$libinit$$00000034)
    .ARM.Collect$$libinit$$00000035          0x00000258   Section        2  libinit2.o(.ARM.Collect$$libinit$$00000035)
    .ARM.Collect$$libshutdown$$00000000      0x0000025a   Section        2  libshutdown.o(.ARM.Collect$$libshutdown$$00000000)
    .ARM.Collect$$libshutdown$$00000002      0x0000025c   Section        0  libshutdown2.o(.ARM.Collect$$libshutdown$$00000002)
    .ARM.Collect$$libshutdown$$00000004      0x0000025c   Section        0  libshutdown2.o(.ARM.Collect$$libshutdown$$00000004)
    .ARM.Collect$$libshutdown$$00000007      0x0000025c   Section        0  libshutdown2.o(.ARM.Collect$$libshutdown$$00000007)
    .ARM.Collect$$libshutdown$$0000000A      0x0000025c   Section        0  libshutdown2.o(.ARM.Collect$$libshutdown$$0000000A)
    .ARM.Collect$$libshutdown$$0000000C      0x0000025c   Section        0  libshutdown2.o(.ARM.Collect$$libshutdown$$0000000C)
    .ARM.Collect$$libshutdown$$0000000F      0x0000025c   Section        0  libshutdown2.o(.ARM.Collect$$libshutdown$$0000000F)
    .ARM.Collect$$libshutdown$$00000010      0x0000025c   Section        2  libshutdown2.o(.ARM.Collect$$libshutdown$$00000010)
    .ARM.Collect$$rtentry$$00000000          0x0000025e   Section        0  __rtentry.o(.ARM.Collect$$rtentry$$00000000)
    .ARM.Collect$$rtentry$$00000002          0x0000025e   Section        0  __rtentry2.o(.ARM.Collect$$rtentry$$00000002)
    .ARM.Collect$$rtentry$$00000004          0x0000025e   Section        6  __rtentry4.o(.ARM.Collect$$rtentry$$00000004)
    .ARM.Collect$$rtentry$$00000009          0x00000264   Section        0  __rtentry2.o(.ARM.Collect$$rtentry$$00000009)
    .ARM.Collect$$rtentry$$0000000A          0x00000264   Section        4  __rtentry2.o(.ARM.Collect$$rtentry$$0000000A)
    .ARM.Collect$$rtentry$$0000000C          0x00000268   Section        0  __rtentry2.o(.ARM.Collect$$rtentry$$0000000C)
    .ARM.Collect$$rtentry$$0000000D          0x00000268   Section        8  __rtentry2.o(.ARM.Collect$$rtentry$$0000000D)
    .ARM.Collect$$rtexit$$00000000           0x00000270   Section        2  rtexit.o(.ARM.Collect$$rtexit$$00000000)
    .ARM.Collect$$rtexit$$00000002           0x00000272   Section        0  rtexit2.o(.ARM.Collect$$rtexit$$00000002)
    .ARM.Collect$$rtexit$$00000003           0x00000272   Section        4  rtexit2.o(.ARM.Collect$$rtexit$$00000003)
    .ARM.Collect$$rtexit$$00000004           0x00000276   Section        6  rtexit2.o(.ARM.Collect$$rtexit$$00000004)
    .text                                    0x0000027c   Section       64  startup_mkl25z4.o(.text)
    .text                                    0x000002bc   Section        0  snprintf.o(.text)
    .text                                    0x000002fc   Section        0  heapauxi.o(.text)
    .text                                    0x00000304   Section        0  dfixui.o(.text)
    .text                                    0x0000034c   Section        0  f2d.o(.text)
    .text                                    0x000003a0   Section        0  _printf_pad.o(.text)
    .text                                    0x000003ee   Section        0  _snputc.o(.text)
    .text                                    0x000003fe   Section        2  use_no_semi.o(.text)
    .ARM.__at_0x400                          0x00000400   Section       16  startup_mkl25z4.o(.ARM.__at_0x400)
    .text                                    0x00000410   Section      364  aeabi_sdiv.o(.text)
    .text                                    0x0000057c   Section        0  dmul.o(.text)
    .text                                    0x000007c4   Section        0  _printf_truncate.o(.text)
    .text                                    0x000007e8   Section        0  _printf_str.o(.text)
    .text                                    0x0000083c   Section        0  _printf_dec.o(.text)
    .text                                    0x000008a8   Section        0  _printf_charcount.o(.text)
    _printf_input_char                       0x000008d1   Thumb Code    10  _printf_char_common.o(.text)
    .text                                    0x000008d0   Section        0  _printf_char_common.o(.text)
    .text                                    0x00000900   Section        0  _printf_wctomb.o(.text)
    .text                                    0x000009bc   Section        0  _printf_longlong_dec.o(.text)
    _printf_longlong_oct_internal            0x00000a2d   Thumb Code     0  _printf_oct_int_ll.o(.text)
    .text                                    0x00000a2c   Section        0  _printf_oct_int_ll.o(.text)
    _printf_hex_common                       0x00000a9d   Thumb Code     0  _printf_hex_int_ll_ptr.o(.text)
    .text                                    0x00000a9c   Section        0  _printf_hex_int_ll_ptr.o(.text)
    .text                                    0x00000b34   Section        0  __printf_flags_ss_wp.o(.text)
    .text                                    0x00000cbc   Section        0  lludiv10.o(.text)
    .text                                    0x00000d36   Section        0  _printf_intcommon.o(.text)
    _fp_digits                               0x00000de9   Thumb Code   412  _printf_fp_dec.o(.text)
    .text                                    0x00000de8   Section        0  _printf_fp_dec.o(.text)
    .text                                    0x000011fc   Section        0  _printf_fp_hex.o(.text)
    .text                                    0x000014d4   Section        0  _printf_char.o(.text)
    .text                                    0x00001502   Section        0  _printf_wchar.o(.text)
    .text                                    0x00001530   Section        0  _c16rtomb.o(.text)
    .text                                    0x00001572   Section        0  rtudiv10.o(.text)
    .text                                    0x0000159a   Section       62  sys_stackheap_outer.o(.text)
    .text                                    0x000015d8   Section       16  rt_ctype_table.o(.text)
    .text                                    0x000015e8   Section        8  rt_locale_intlibspace.o(.text)
    .text                                    0x000015f0   Section        0  _printf_fp_infnan.o(.text)
    .text                                    0x00001678   Section        0  bigflt0.o(.text)
    .text                                    0x00001750   Section        0  btod.o(.text)
    btod_internal_mul                        0x00001791   Thumb Code   492  btod.o(.text)
    btod_internal_div                        0x0000197d   Thumb Code   520  btod.o(.text)
    .text                                    0x00001cd0   Section        0  exit.o(.text)
    .text                                    0x00001ce0   Section        8  libspace.o(.text)
    .text                                    0x00001ce8   Section        0  strcmp.o(.text)
    .text                                    0x00001d70   Section        0  sys_exit.o(.text)
    [Anonymous Symbol]                       0x00001d7c   Section        0  lab_8_code.o(.text.ADC0_IRQHandler)
    .text                                    0x00001d7c   Section        0  indicate_semi.o(.text)
    __arm_cp.16_0                            0x00001e18   Number         4  lab_8_code.o(.text.ADC0_IRQHandler)
    __arm_cp.16_1                            0x00001e1c   Number         4  lab_8_code.o(.text.ADC0_IRQHandler)
    __arm_cp.16_2                            0x00001e20   Number         4  lab_8_code.o(.text.ADC0_IRQHandler)
    __arm_cp.16_3                            0x00001e24   Number         4  lab_8_code.o(.text.ADC0_IRQHandler)
    __arm_cp.16_4                            0x00001e28   Number         4  lab_8_code.o(.text.ADC0_IRQHandler)
    __arm_cp.16_5                            0x00001e2c   Number         4  lab_8_code.o(.text.ADC0_IRQHandler)
    __arm_cp.16_6                            0x00001e30   Number         4  lab_8_code.o(.text.ADC0_IRQHandler)
    __arm_cp.16_9                            0x00001e34   Number         4  lab_8_code.o(.text.ADC0_IRQHandler)
    __arm_cp.16_10                           0x00001e38   Number         4  lab_8_code.o(.text.ADC0_IRQHandler)
    __arm_cp.16_11                           0x00001e3c   Number         4  lab_8_code.o(.text.ADC0_IRQHandler)
    [Anonymous Symbol]                       0x00001e40   Section        0  lab_8_code.o(.text.ENABLE_CLKS)
    [Anonymous Symbol]                       0x00001e68   Section        0  lab_8_code.o(.text.Init_ADC)
    __arm_cp.15_1                            0x00001ebc   Number         4  lab_8_code.o(.text.Init_ADC)
    __arm_cp.15_2                            0x00001ec0   Number         4  lab_8_code.o(.text.Init_ADC)
    __arm_cp.15_3                            0x00001ec4   Number         4  lab_8_code.o(.text.Init_ADC)
    __arm_cp.15_4                            0x00001ec8   Number         4  lab_8_code.o(.text.Init_ADC)
    __arm_cp.15_5                            0x00001ecc   Number         4  lab_8_code.o(.text.Init_ADC)
    [Anonymous Symbol]                       0x00001ed0   Section        0  lab_8_code.o(.text.Init_Buttons)
    __arm_cp.4_0                             0x00001f1c   Number         4  lab_8_code.o(.text.Init_Buttons)
    __arm_cp.4_1                             0x00001f20   Number         4  lab_8_code.o(.text.Init_Buttons)
    __arm_cp.4_2                             0x00001f24   Number         4  lab_8_code.o(.text.Init_Buttons)
    __arm_cp.4_3                             0x00001f28   Number         4  lab_8_code.o(.text.Init_Buttons)
    __arm_cp.4_4                             0x00001f2c   Number         4  lab_8_code.o(.text.Init_Buttons)
    __arm_cp.4_5                             0x00001f30   Number         4  lab_8_code.o(.text.Init_Buttons)
    __arm_cp.4_6                             0x00001f34   Number         4  lab_8_code.o(.text.Init_Buttons)
    __arm_cp.4_7                             0x00001f38   Number         4  lab_8_code.o(.text.Init_Buttons)
    [Anonymous Symbol]                       0x00001f3c   Section        0  lab_8_code.o(.text.Init_DAC)
    __arm_cp.17_1                            0x00001f5c   Number         4  lab_8_code.o(.text.Init_DAC)
    __arm_cp.17_2                            0x00001f60   Number         4  lab_8_code.o(.text.Init_DAC)
    [Anonymous Symbol]                       0x00001f64   Section        0  lab_8_code.o(.text.Init_LEDs)
    __arm_cp.8_0                             0x00001fac   Number         4  lab_8_code.o(.text.Init_LEDs)
    __arm_cp.8_1                             0x00001fb0   Number         4  lab_8_code.o(.text.Init_LEDs)
    __arm_cp.8_2                             0x00001fb4   Number         4  lab_8_code.o(.text.Init_LEDs)
    __arm_cp.8_3                             0x00001fb8   Number         4  lab_8_code.o(.text.Init_LEDs)
    [Anonymous Symbol]                       0x00001fbc   Section        0  lab_8_code.o(.text.Init_SysTick)
    __arm_cp.1_0                             0x00001fdc   Number         4  lab_8_code.o(.text.Init_SysTick)
    [Anonymous Symbol]                       0x00001fe0   Section        0  lcd_lib_4bit_20b.o(.text.LCD_command)
    [Anonymous Symbol]                       0x00002034   Section        0  lcd_lib_4bit_20b.o(.text.LCD_init)
    __arm_cp.0_0                             0x00002130   Number         4  lcd_lib_4bit_20b.o(.text.LCD_init)
    __arm_cp.0_1                             0x00002134   Number         4  lcd_lib_4bit_20b.o(.text.LCD_init)
    __arm_cp.0_4                             0x00002138   Number         4  lcd_lib_4bit_20b.o(.text.LCD_init)
    __arm_cp.0_5                             0x0000213c   Number         4  lcd_lib_4bit_20b.o(.text.LCD_init)
    __arm_cp.0_6                             0x00002140   Number         4  lcd_lib_4bit_20b.o(.text.LCD_init)
    [Anonymous Symbol]                       0x00002144   Section        0  lcd_lib_4bit_20b.o(.text.LCD_send_data)
    __arm_cp.4_0                             0x00002188   Number         4  lcd_lib_4bit_20b.o(.text.LCD_send_data)
    __arm_cp.4_1                             0x0000218c   Number         4  lcd_lib_4bit_20b.o(.text.LCD_send_data)
    __arm_cp.4_2                             0x00002190   Number         4  lcd_lib_4bit_20b.o(.text.LCD_send_data)
    [Anonymous Symbol]                       0x00002194   Section        0  lab_8_code.o(.text.PIT_IRQHandler)
    __arm_cp.10_0                            0x000021c0   Number         4  lab_8_code.o(.text.PIT_IRQHandler)
    __arm_cp.10_2                            0x000021c4   Number         4  lab_8_code.o(.text.PIT_IRQHandler)
    __arm_cp.10_3                            0x000021c8   Number         4  lab_8_code.o(.text.PIT_IRQHandler)
    [Anonymous Symbol]                       0x000021cc   Section        0  lab_8_code.o(.text.PIT_Init)
    __arm_cp.9_0                             0x0000223c   Number         4  lab_8_code.o(.text.PIT_Init)
    __arm_cp.9_1                             0x00002240   Number         4  lab_8_code.o(.text.PIT_Init)
    __arm_cp.9_2                             0x00002244   Number         4  lab_8_code.o(.text.PIT_Init)
    __arm_cp.9_3                             0x00002248   Number         4  lab_8_code.o(.text.PIT_Init)
    __arm_cp.9_4                             0x0000224c   Number         4  lab_8_code.o(.text.PIT_Init)
    [Anonymous Symbol]                       0x00002250   Section        0  lab_8_code.o(.text.PORTA_IRQHandler)
    __arm_cp.7_0                             0x00002298   Number         4  lab_8_code.o(.text.PORTA_IRQHandler)
    __arm_cp.7_1                             0x0000229c   Number         4  lab_8_code.o(.text.PORTA_IRQHandler)
    __arm_cp.7_2                             0x000022a0   Number         4  lab_8_code.o(.text.PORTA_IRQHandler)
    SysTick_Config                           0x000022a5   Thumb Code    68  lab_8_code.o(.text.SysTick_Config)
    [Anonymous Symbol]                       0x000022a4   Section        0  lab_8_code.o(.text.SysTick_Config)
    __arm_cp.2_0                             0x000022e8   Number         4  lab_8_code.o(.text.SysTick_Config)
    __arm_cp.2_1                             0x000022ec   Number         4  lab_8_code.o(.text.SysTick_Config)
    __arm_cp.2_2                             0x000022f0   Number         4  lab_8_code.o(.text.SysTick_Config)
    [Anonymous Symbol]                       0x000022f4   Section        0  lab_8_code.o(.text.SysTick_Handler)
    __arm_cp.13_0                            0x0000234c   Number         4  lab_8_code.o(.text.SysTick_Handler)
    __arm_cp.13_2                            0x00002350   Number         4  lab_8_code.o(.text.SysTick_Handler)
    __arm_cp.13_3                            0x00002354   Number         4  lab_8_code.o(.text.SysTick_Handler)
    __arm_cp.13_4                            0x00002358   Number         4  lab_8_code.o(.text.SysTick_Handler)
    __arm_cp.13_5                            0x0000235c   Number         4  lab_8_code.o(.text.SysTick_Handler)
    [Anonymous Symbol]                       0x00002360   Section        0  system_mkl25z4.o(.text.SystemInit)
    __arm_cp.0_0                             0x00002368   Number         4  system_mkl25z4.o(.text.SystemInit)
    __NVIC_ClearPendingIRQ                   0x0000236d   Thumb Code    40  lab_8_code.o(.text.__NVIC_ClearPendingIRQ)
    [Anonymous Symbol]                       0x0000236c   Section        0  lab_8_code.o(.text.__NVIC_ClearPendingIRQ)
    __arm_cp.5_0                             0x00002394   Number         4  lab_8_code.o(.text.__NVIC_ClearPendingIRQ)
    __NVIC_EnableIRQ                         0x00002399   Thumb Code    40  lab_8_code.o(.text.__NVIC_EnableIRQ)
    [Anonymous Symbol]                       0x00002398   Section        0  lab_8_code.o(.text.__NVIC_EnableIRQ)
    __arm_cp.6_0                             0x000023c0   Number         4  lab_8_code.o(.text.__NVIC_EnableIRQ)
    __NVIC_SetPriority                       0x000023c5   Thumb Code   124  lab_8_code.o(.text.__NVIC_SetPriority)
    [Anonymous Symbol]                       0x000023c4   Section        0  lab_8_code.o(.text.__NVIC_SetPriority)
    __arm_cp.3_0                             0x00002440   Number         4  lab_8_code.o(.text.__NVIC_SetPriority)
    __arm_cp.3_1                             0x00002444   Number         4  lab_8_code.o(.text.__NVIC_SetPriority)
    [Anonymous Symbol]                       0x00002448   Section        0  lcd_lib_4bit_20b.o(.text.delayMs)
    __arm_cp.1_0                             0x00002484   Number         4  lcd_lib_4bit_20b.o(.text.delayMs)
    [Anonymous Symbol]                       0x00002488   Section        0  lab_8_code.o(.text.displayString)
    [Anonymous Symbol]                       0x00002510   Section        0  lab_8_code.o(.text.get_bpm)
    __arm_cp.11_0                            0x00002548   Number         4  lab_8_code.o(.text.get_bpm)
    __arm_cp.11_1                            0x0000254c   Number         4  lab_8_code.o(.text.get_bpm)
    [Anonymous Symbol]                       0x00002550   Section        0  lab_8_code.o(.text.get_heartbeat)
    __arm_cp.14_0                            0x000025c4   Number         4  lab_8_code.o(.text.get_heartbeat)
    __arm_cp.14_3                            0x000025c8   Number         4  lab_8_code.o(.text.get_heartbeat)
    __arm_cp.14_4                            0x000025cc   Number         4  lab_8_code.o(.text.get_heartbeat)
    __arm_cp.14_5                            0x000025d0   Number         4  lab_8_code.o(.text.get_heartbeat)
    [Anonymous Symbol]                       0x000025d4   Section        0  lab_8_code.o(.text.main)
    __arm_cp.18_0                            0x000026e8   Number         4  lab_8_code.o(.text.main)
    __arm_cp.18_1                            0x000026ec   Number         4  lab_8_code.o(.text.main)
    __arm_cp.18_2                            0x000026f0   Number         4  lab_8_code.o(.text.main)
    __arm_cp.18_3                            0x000026f4   Number         4  lab_8_code.o(.text.main)
    __arm_cp.18_4                            0x000026f8   Number         4  lab_8_code.o(.text.main)
    __arm_cp.18_5                            0x000026fc   Number         4  lab_8_code.o(.text.main)
    __arm_cp.18_6                            0x00002700   Number         4  lab_8_code.o(.text.main)
    __arm_cp.18_7                            0x00002704   Number         4  lab_8_code.o(.text.main)
    __arm_cp.18_8                            0x00002708   Number         4  lab_8_code.o(.text.main)
    __arm_cp.18_9                            0x0000270c   Number         4  lab_8_code.o(.text.main)
    __arm_cp.18_10                           0x00002710   Number         4  lab_8_code.o(.text.main)
    __arm_cp.18_11                           0x00002714   Number         4  lab_8_code.o(.text.main)
    __arm_cp.18_12                           0x00002718   Number         4  lab_8_code.o(.text.main)
    __arm_cp.18_13                           0x0000271c   Number         4  lab_8_code.o(.text.main)
    __arm_cp.18_14                           0x00002720   Number         4  lab_8_code.o(.text.main)
    __arm_cp.18_15                           0x00002724   Number         4  lab_8_code.o(.text.main)
    [Anonymous Symbol]                       0x00002728   Section        0  lcd_lib_4bit_20b.o(.text.pulse_the_LCD_enable)
    __arm_cp.2_0                             0x00002744   Number         4  lcd_lib_4bit_20b.o(.text.pulse_the_LCD_enable)
    __arm_cp.2_1                             0x00002748   Number         4  lcd_lib_4bit_20b.o(.text.pulse_the_LCD_enable)
    i.__ARM_common_ll_muluu                  0x0000274c   Section        0  btod.o(i.__ARM_common_ll_muluu)
    i.__ARM_fpclassify                       0x0000277c   Section        0  fpclassify.o(i.__ARM_fpclassify)
    i._is_digit                              0x000027a8   Section        0  __printf_wp.o(i._is_digit)
    locale$$code                             0x000027b8   Section       44  lc_numeric_c.o(locale$$code)
    locale$$code                             0x000027e4   Section       44  lc_ctype_c.o(locale$$code)
    x$fpl$printf1                            0x00002810   Section       16  printf1.o(x$fpl$printf1)
    x$fpl$printf2                            0x00002820   Section       16  printf2.o(x$fpl$printf2)
    initial_mbstate                          0x00002830   Data           8  _printf_wctomb.o(.constdata)
    .constdata                               0x00002830   Section        8  _printf_wctomb.o(.constdata)
    x$fpl$usenofp                            0x00002830   Section        0  usenofp.o(x$fpl$usenofp)
    uc_hextab                                0x00002838   Data          20  _printf_hex_int_ll_ptr.o(.constdata)
    .constdata                               0x00002838   Section       40  _printf_hex_int_ll_ptr.o(.constdata)
    lc_hextab                                0x0000284c   Data          20  _printf_hex_int_ll_ptr.o(.constdata)
    maptable                                 0x00002860   Data          17  __printf_flags_ss_wp.o(.constdata)
    .constdata                               0x00002860   Section       17  __printf_flags_ss_wp.o(.constdata)
    lc_hextab                                0x00002871   Data          19  _printf_fp_hex.o(.constdata)
    .constdata                               0x00002871   Section       38  _printf_fp_hex.o(.constdata)
    uc_hextab                                0x00002884   Data          19  _printf_fp_hex.o(.constdata)
    tenpwrs_x                                0x00002898   Data          60  bigflt0.o(.constdata)
    .constdata                               0x00002898   Section      148  bigflt0.o(.constdata)
    tenpwrs_i                                0x000028d4   Data          64  bigflt0.o(.constdata)
    [Anonymous Symbol]                       0x0000292c   Section        0  lab_8_code.o(.rodata.str1.1)
    locale$$data                             0x00002980   Section       28  lc_numeric_c.o(locale$$data)
    __lcnum_c_name                           0x00002984   Data           2  lc_numeric_c.o(locale$$data)
    __lcnum_c_start                          0x0000298c   Data           0  lc_numeric_c.o(locale$$data)
    __lcnum_c_point                          0x00002998   Data           0  lc_numeric_c.o(locale$$data)
    __lcnum_c_thousands                      0x0000299a   Data           0  lc_numeric_c.o(locale$$data)
    __lcnum_c_grouping                       0x0000299b   Data           0  lc_numeric_c.o(locale$$data)
    __lcnum_c_end                            0x0000299c   Data           0  lc_numeric_c.o(locale$$data)
    locale$$data                             0x0000299c   Section      272  lc_ctype_c.o(locale$$data)
    __lcctype_c_name                         0x000029a0   Data           2  lc_ctype_c.o(locale$$data)
    __lcctype_c_start                        0x000029a8   Data           0  lc_ctype_c.o(locale$$data)
    __lcctype_c_end                          0x00002aac   Data           0  lc_ctype_c.o(locale$$data)
    .bss                                     0x1ffff018   Section       96  libspace.o(.bss)
    PORTA_IRQHandler.last_press_time         0x1ffff078   Data           4  lab_8_code.o(.bss.PORTA_IRQHandler.last_press_time)
    [Anonymous Symbol]                       0x1ffff078   Section        0  lab_8_code.o(.bss.PORTA_IRQHandler.last_press_time)
    SysTick_Handler.tick_count               0x1ffff07c   Data           4  lab_8_code.o(.bss.SysTick_Handler.tick_count)
    [Anonymous Symbol]                       0x1ffff07c   Section        0  lab_8_code.o(.bss.SysTick_Handler.tick_count)
    get_heartbeat.last_trig_state            0x1ffff084   Data           4  lab_8_code.o(.bss.get_heartbeat.last_trig_state)
    [Anonymous Symbol]                       0x1ffff084   Section        0  lab_8_code.o(.bss.get_heartbeat.last_trig_state)
    Heap_Mem                                 0x1ffff0c0   Data           0  startup_mkl25z4.o(HEAP)
    Stack_Mem                                0x1ffff0c0   Data         256  startup_mkl25z4.o(STACK)
    HEAP                                     0x1ffff0c0   Section        0  startup_mkl25z4.o(HEAP)
    STACK                                    0x1ffff0c0   Section      256  startup_mkl25z4.o(STACK)
    __initial_sp                             0x1ffff1c0   Data           0  startup_mkl25z4.o(STACK)

    Global Symbols

    Symbol Name                              Value     Ov Type        Size  Object(Section)

    BuildAttributes$$THM_ISAv3M$S$PE$A:L22$X:L11$S22$IEEE1$IW$~IW$USESV6$~STKCKD$USESV7$~SHL$OTIME$ROPI$IEEEJ$EBA8$UX$STANDARDLIB$REQ8$PRES8$EABIv2 0x00000000   Number         0  anon$$obj.o ABSOLUTE
    __Vectors                                0x00000000   Data           4  startup_mkl25z4.o(RESET)
    _printf_flags                            0x00000000   Number         0  printf_stubs.o ABSOLUTE
    _printf_return_value                     0x00000000   Number         0  printf_stubs.o ABSOLUTE
    _printf_sizespec                         0x00000000   Number         0  printf_stubs.o ABSOLUTE
    _printf_widthprec                        0x00000000   Number         0  printf_stubs.o ABSOLUTE
    __ARM_exceptions_init                     - Undefined Weak Reference
    __alloca_initialize                       - Undefined Weak Reference
    __arm_preinit_                            - Undefined Weak Reference
    __arm_relocate_pie_                       - Undefined Weak Reference
    __cpp_initialize__aeabi_                  - Undefined Weak Reference
    __cxa_finalize                            - Undefined Weak Reference
    __sigvec_lookup                           - Undefined Weak Reference
    _atexit_init                              - Undefined Weak Reference
    _call_atexit_fns                          - Undefined Weak Reference
    _clock_init                               - Undefined Weak Reference
    _fp_trap_init                             - Undefined Weak Reference
    _fp_trap_shutdown                         - Undefined Weak Reference
    _get_lc_collate                           - Undefined Weak Reference
    _get_lc_monetary                          - Undefined Weak Reference
    _get_lc_time                              - Undefined Weak Reference
    _getenv_init                              - Undefined Weak Reference
    _handle_redirection                       - Undefined Weak Reference
    _init_alloc                               - Undefined Weak Reference
    _init_user_alloc                          - Undefined Weak Reference
    _initio                                   - Undefined Weak Reference
    _printf_mbtowc                            - Undefined Weak Reference
    _printf_wc                                - Undefined Weak Reference
    _rand_init                                - Undefined Weak Reference
    _signal_finish                            - Undefined Weak Reference
    _signal_init                              - Undefined Weak Reference
    _terminate_alloc                          - Undefined Weak Reference
    _terminate_user_alloc                     - Undefined Weak Reference
    _terminateio                              - Undefined Weak Reference
    __Vectors_End                            0x000000c0   Data           0  startup_mkl25z4.o(RESET)
    __Vectors_Size                           0x000000c0   Number         0  startup_mkl25z4.o ABSOLUTE
    __main                                   0x000000c1   Thumb Code     8  __main.o(!!!main)
    __scatterload                            0x000000c9   Thumb Code     0  __scatter.o(!!!scatter)
    __scatterload_rt2                        0x000000c9   Thumb Code    74  __scatter.o(!!!scatter)
    __scatterload_rt2_thumb_only             0x000000c9   Thumb Code     0  __scatter.o(!!!scatter)
    __scatterload_loop                       0x000000d3   Thumb Code     0  __scatter.o(!!!scatter)
    __scatterload_copy                       0x0000011d   Thumb Code    26  __scatter_copy.o(!!handler_copy)
    __scatterload_null                       0x00000139   Thumb Code     2  __scatter.o(!!handler_null)
    __scatterload_zeroinit                   0x0000013d   Thumb Code    28  __scatter_zi.o(!!handler_zi)
    _printf_percent                          0x00000159   Thumb Code     0  _printf_percent.o(.ARM.Collect$$_printf_percent$$00000000)
    _printf_n                                0x0000015b   Thumb Code     0  _printf_n.o(.ARM.Collect$$_printf_percent$$00000001)
    _printf_p                                0x00000165   Thumb Code     0  _printf_p.o(.ARM.Collect$$_printf_percent$$00000002)
    _printf_f                                0x0000016f   Thumb Code     0  _printf_f.o(.ARM.Collect$$_printf_percent$$00000003)
    _printf_e                                0x00000179   Thumb Code     0  _printf_e.o(.ARM.Collect$$_printf_percent$$00000004)
    _printf_g                                0x00000183   Thumb Code     0  _printf_g.o(.ARM.Collect$$_printf_percent$$00000005)
    _printf_a                                0x0000018d   Thumb Code     0  _printf_a.o(.ARM.Collect$$_printf_percent$$00000006)
    _printf_ll                               0x00000197   Thumb Code     0  _printf_ll.o(.ARM.Collect$$_printf_percent$$00000007)
    _printf_i                                0x000001a1   Thumb Code     0  _printf_i.o(.ARM.Collect$$_printf_percent$$00000008)
    _printf_d                                0x000001ab   Thumb Code     0  _printf_d.o(.ARM.Collect$$_printf_percent$$00000009)
    _printf_u                                0x000001b5   Thumb Code     0  _printf_u.o(.ARM.Collect$$_printf_percent$$0000000A)
    _printf_o                                0x000001bf   Thumb Code     0  _printf_o.o(.ARM.Collect$$_printf_percent$$0000000B)
    _printf_x                                0x000001c9   Thumb Code     0  _printf_x.o(.ARM.Collect$$_printf_percent$$0000000C)
    _printf_lli                              0x000001d3   Thumb Code     0  _printf_lli.o(.ARM.Collect$$_printf_percent$$0000000D)
    _printf_lld                              0x000001dd   Thumb Code     0  _printf_lld.o(.ARM.Collect$$_printf_percent$$0000000E)
    _printf_llu                              0x000001e7   Thumb Code     0  _printf_llu.o(.ARM.Collect$$_printf_percent$$0000000F)
    _printf_llo                              0x000001f1   Thumb Code     0  _printf_llo.o(.ARM.Collect$$_printf_percent$$00000010)
    _printf_llx                              0x000001fb   Thumb Code     0  _printf_llx.o(.ARM.Collect$$_printf_percent$$00000011)
    _printf_l                                0x00000205   Thumb Code     0  _printf_l.o(.ARM.Collect$$_printf_percent$$00000012)
    _printf_c                                0x0000020f   Thumb Code     0  _printf_c.o(.ARM.Collect$$_printf_percent$$00000013)
    _printf_s                                0x00000219   Thumb Code     0  _printf_s.o(.ARM.Collect$$_printf_percent$$00000014)
    _printf_lc                               0x00000223   Thumb Code     0  _printf_lc.o(.ARM.Collect$$_printf_percent$$00000015)
    _printf_ls                               0x0000022d   Thumb Code     0  _printf_ls.o(.ARM.Collect$$_printf_percent$$00000016)
    _printf_percent_end                      0x00000237   Thumb Code     0  _printf_percent_end.o(.ARM.Collect$$_printf_percent$$00000017)
    __rt_lib_init                            0x0000023b   Thumb Code     0  libinit.o(.ARM.Collect$$libinit$$00000000)
    __rt_lib_init_fp_1                       0x0000023d   Thumb Code     0  libinit2.o(.ARM.Collect$$libinit$$00000002)
    __rt_lib_init_heap_1                     0x0000023d   Thumb Code     0  libinit2.o(.ARM.Collect$$libinit$$0000000C)
    __rt_lib_init_lc_common                  0x0000023d   Thumb Code     0  libinit2.o(.ARM.Collect$$libinit$$00000011)
    __rt_lib_init_preinit_1                  0x0000023d   Thumb Code     0  libinit2.o(.ARM.Collect$$libinit$$00000006)
    __rt_lib_init_rand_1                     0x0000023d   Thumb Code     0  libinit2.o(.ARM.Collect$$libinit$$00000010)
    __rt_lib_init_relocate_pie_1             0x0000023d   Thumb Code     0  libinit2.o(.ARM.Collect$$libinit$$00000004)
    __rt_lib_init_user_alloc_1               0x0000023d   Thumb Code     0  libinit2.o(.ARM.Collect$$libinit$$0000000E)
    __rt_lib_init_lc_collate_1               0x00000243   Thumb Code     0  libinit2.o(.ARM.Collect$$libinit$$00000013)
    __rt_lib_init_lc_ctype_2                 0x00000243   Thumb Code     0  libinit2.o(.ARM.Collect$$libinit$$00000014)
    __rt_lib_init_lc_ctype_1                 0x0000024f   Thumb Code     0  libinit2.o(.ARM.Collect$$libinit$$00000015)
    __rt_lib_init_lc_monetary_1              0x0000024f   Thumb Code     0  libinit2.o(.ARM.Collect$$libinit$$00000017)
    __rt_lib_init_lc_numeric_2               0x0000024f   Thumb Code     0  libinit2.o(.ARM.Collect$$libinit$$00000018)
    __rt_lib_init_alloca_1                   0x00000259   Thumb Code     0  libinit2.o(.ARM.Collect$$libinit$$00000030)
    __rt_lib_init_argv_1                     0x00000259   Thumb Code     0  libinit2.o(.ARM.Collect$$libinit$$0000002E)
    __rt_lib_init_atexit_1                   0x00000259   Thumb Code     0  libinit2.o(.ARM.Collect$$libinit$$0000001D)
    __rt_lib_init_clock_1                    0x00000259   Thumb Code     0  libinit2.o(.ARM.Collect$$libinit$$00000023)
    __rt_lib_init_cpp_1                      0x00000259   Thumb Code     0  libinit2.o(.ARM.Collect$$libinit$$00000034)
    __rt_lib_init_exceptions_1               0x00000259   Thumb Code     0  libinit2.o(.ARM.Collect$$libinit$$00000032)
    __rt_lib_init_fp_trap_1                  0x00000259   Thumb Code     0  libinit2.o(.ARM.Collect$$libinit$$00000021)
    __rt_lib_init_getenv_1                   0x00000259   Thumb Code     0  libinit2.o(.ARM.Collect$$libinit$$00000025)
    __rt_lib_init_lc_numeric_1               0x00000259   Thumb Code     0  libinit2.o(.ARM.Collect$$libinit$$00000019)
    __rt_lib_init_lc_time_1                  0x00000259   Thumb Code     0  libinit2.o(.ARM.Collect$$libinit$$0000001B)
    __rt_lib_init_return                     0x00000259   Thumb Code     0  libinit2.o(.ARM.Collect$$libinit$$00000035)
    __rt_lib_init_signal_1                   0x00000259   Thumb Code     0  libinit2.o(.ARM.Collect$$libinit$$0000001F)
    __rt_lib_init_stdio_1                    0x00000259   Thumb Code     0  libinit2.o(.ARM.Collect$$libinit$$00000027)
    __rt_lib_shutdown                        0x0000025b   Thumb Code     0  libshutdown.o(.ARM.Collect$$libshutdown$$00000000)
    __rt_lib_shutdown_cpp_1                  0x0000025d   Thumb Code     0  libshutdown2.o(.ARM.Collect$$libshutdown$$00000002)
    __rt_lib_shutdown_fp_trap_1              0x0000025d   Thumb Code     0  libshutdown2.o(.ARM.Collect$$libshutdown$$00000007)
    __rt_lib_shutdown_heap_1                 0x0000025d   Thumb Code     0  libshutdown2.o(.ARM.Collect$$libshutdown$$0000000F)
    __rt_lib_shutdown_return                 0x0000025d   Thumb Code     0  libshutdown2.o(.ARM.Collect$$libshutdown$$00000010)
    __rt_lib_shutdown_signal_1               0x0000025d   Thumb Code     0  libshutdown2.o(.ARM.Collect$$libshutdown$$0000000A)
    __rt_lib_shutdown_stdio_1                0x0000025d   Thumb Code     0  libshutdown2.o(.ARM.Collect$$libshutdown$$00000004)
    __rt_lib_shutdown_user_alloc_1           0x0000025d   Thumb Code     0  libshutdown2.o(.ARM.Collect$$libshutdown$$0000000C)
    __rt_entry                               0x0000025f   Thumb Code     0  __rtentry.o(.ARM.Collect$$rtentry$$00000000)
    __rt_entry_presh_1                       0x0000025f   Thumb Code     0  __rtentry2.o(.ARM.Collect$$rtentry$$00000002)
    __rt_entry_sh                            0x0000025f   Thumb Code     0  __rtentry4.o(.ARM.Collect$$rtentry$$00000004)
    __rt_entry_li                            0x00000265   Thumb Code     0  __rtentry2.o(.ARM.Collect$$rtentry$$0000000A)
    __rt_entry_postsh_1                      0x00000265   Thumb Code     0  __rtentry2.o(.ARM.Collect$$rtentry$$00000009)
    __rt_entry_main                          0x00000269   Thumb Code     0  __rtentry2.o(.ARM.Collect$$rtentry$$0000000D)
    __rt_entry_postli_1                      0x00000269   Thumb Code     0  __rtentry2.o(.ARM.Collect$$rtentry$$0000000C)
    __rt_exit                                0x00000271   Thumb Code     0  rtexit.o(.ARM.Collect$$rtexit$$00000000)
    __rt_exit_ls                             0x00000273   Thumb Code     0  rtexit2.o(.ARM.Collect$$rtexit$$00000003)
    __rt_exit_prels_1                        0x00000273   Thumb Code     0  rtexit2.o(.ARM.Collect$$rtexit$$00000002)
    __rt_exit_exit                           0x00000277   Thumb Code     0  rtexit2.o(.ARM.Collect$$rtexit$$00000004)
    Reset_Handler                            0x0000027d   Thumb Code    12  startup_mkl25z4.o(.text)
    NMI_Handler                              0x00000289   Thumb Code     2  startup_mkl25z4.o(.text)
    HardFault_Handler                        0x0000028b   Thumb Code     2  startup_mkl25z4.o(.text)
    SVC_Handler                              0x0000028d   Thumb Code     2  startup_mkl25z4.o(.text)
    PendSV_Handler                           0x0000028f   Thumb Code     2  startup_mkl25z4.o(.text)
    CMP0_IRQHandler                          0x00000293   Thumb Code     0  startup_mkl25z4.o(.text)
    DAC0_IRQHandler                          0x00000293   Thumb Code     0  startup_mkl25z4.o(.text)
    DMA0_IRQHandler                          0x00000293   Thumb Code     0  startup_mkl25z4.o(.text)
    DMA1_IRQHandler                          0x00000293   Thumb Code     0  startup_mkl25z4.o(.text)
    DMA2_IRQHandler                          0x00000293   Thumb Code     0  startup_mkl25z4.o(.text)
    DMA3_IRQHandler                          0x00000293   Thumb Code     0  startup_mkl25z4.o(.text)
    DefaultISR                               0x00000293   Thumb Code     0  startup_mkl25z4.o(.text)
    FTFA_IRQHandler                          0x00000293   Thumb Code     0  startup_mkl25z4.o(.text)
    I2C0_IRQHandler                          0x00000293   Thumb Code     0  startup_mkl25z4.o(.text)
    I2C1_IRQHandler                          0x00000293   Thumb Code     0  startup_mkl25z4.o(.text)
    LLWU_IRQHandler                          0x00000293   Thumb Code     0  startup_mkl25z4.o(.text)
    LPTMR0_IRQHandler                        0x00000293   Thumb Code     0  startup_mkl25z4.o(.text)
    LVD_LVW_IRQHandler                       0x00000293   Thumb Code     0  startup_mkl25z4.o(.text)
    MCG_IRQHandler                           0x00000293   Thumb Code     0  startup_mkl25z4.o(.text)
    PORTD_IRQHandler                         0x00000293   Thumb Code     0  startup_mkl25z4.o(.text)
    RTC_IRQHandler                           0x00000293   Thumb Code     0  startup_mkl25z4.o(.text)
    RTC_Seconds_IRQHandler                   0x00000293   Thumb Code     0  startup_mkl25z4.o(.text)
    Reserved20_IRQHandler                    0x00000293   Thumb Code     0  startup_mkl25z4.o(.text)
    Reserved39_IRQHandler                    0x00000293   Thumb Code     0  startup_mkl25z4.o(.text)
    Reserved45_IRQHandler                    0x00000293   Thumb Code     0  startup_mkl25z4.o(.text)
    SPI0_IRQHandler                          0x00000293   Thumb Code     0  startup_mkl25z4.o(.text)
    SPI1_IRQHandler                          0x00000293   Thumb Code     0  startup_mkl25z4.o(.text)
    TPM0_IRQHandler                          0x00000293   Thumb Code     0  startup_mkl25z4.o(.text)
    TPM1_IRQHandler                          0x00000293   Thumb Code     0  startup_mkl25z4.o(.text)
    TPM2_IRQHandler                          0x00000293   Thumb Code     0  startup_mkl25z4.o(.text)
    TSI0_IRQHandler                          0x00000293   Thumb Code     0  startup_mkl25z4.o(.text)
    UART0_IRQHandler                         0x00000293   Thumb Code     0  startup_mkl25z4.o(.text)
    UART1_IRQHandler                         0x00000293   Thumb Code     0  startup_mkl25z4.o(.text)
    UART2_IRQHandler                         0x00000293   Thumb Code     0  startup_mkl25z4.o(.text)
    USB0_IRQHandler                          0x00000293   Thumb Code     0  startup_mkl25z4.o(.text)
    __user_initial_stackheap                 0x00000299   Thumb Code     0  startup_mkl25z4.o(.text)
    snprintf                                 0x000002bd   Thumb Code    60  snprintf.o(.text)
    __use_two_region_memory                  0x000002fd   Thumb Code     2  heapauxi.o(.text)
    __rt_heap_escrow$2region                 0x000002ff   Thumb Code     2  heapauxi.o(.text)
    __rt_heap_expand$2region                 0x00000301   Thumb Code     2  heapauxi.o(.text)
    __aeabi_d2uiz                            0x00000305   Thumb Code     0  dfixui.o(.text)
    _dfixu                                   0x00000305   Thumb Code    68  dfixui.o(.text)
    __aeabi_f2d                              0x0000034d   Thumb Code     0  f2d.o(.text)
    __extendsfdf2                            0x0000034d   Thumb Code     0  f2d.o(.text)
    _f2d                                     0x0000034d   Thumb Code    80  f2d.o(.text)
    _printf_pre_padding                      0x000003a1   Thumb Code    44  _printf_pad.o(.text)
    _printf_post_padding                     0x000003cd   Thumb Code    34  _printf_pad.o(.text)
    _snputc                                  0x000003ef   Thumb Code    16  _snputc.o(.text)
    __I$use$semihosting                      0x000003ff   Thumb Code     0  use_no_semi.o(.text)
    __use_no_semihosting_swi                 0x000003ff   Thumb Code     2  use_no_semi.o(.text)
    __aeabi_uidiv                            0x00000411   Thumb Code     0  aeabi_sdiv.o(.text)
    __aeabi_uidivmod                         0x00000411   Thumb Code    20  aeabi_sdiv.o(.text)
    __aeabi_idiv                             0x00000425   Thumb Code     0  aeabi_sdiv.o(.text)
    __aeabi_idivmod                          0x00000425   Thumb Code   338  aeabi_sdiv.o(.text)
    __aeabi_dmul                             0x0000057d   Thumb Code     0  dmul.o(.text)
    __muldf3                                 0x0000057d   Thumb Code     0  dmul.o(.text)
    _dmul                                    0x0000057d   Thumb Code   558  dmul.o(.text)
    _printf_truncate_signed                  0x000007c5   Thumb Code    18  _printf_truncate.o(.text)
    _printf_truncate_unsigned                0x000007d7   Thumb Code    18  _printf_truncate.o(.text)
    _printf_str                              0x000007e9   Thumb Code    82  _printf_str.o(.text)
    _printf_int_dec                          0x0000083d   Thumb Code    90  _printf_dec.o(.text)
    _printf_charcount                        0x000008a9   Thumb Code    38  _printf_charcount.o(.text)
    _printf_char_common                      0x000008db   Thumb Code    32  _printf_char_common.o(.text)
    _printf_wctomb                           0x00000901   Thumb Code   182  _printf_wctomb.o(.text)
    _printf_longlong_dec                     0x000009bd   Thumb Code    94  _printf_longlong_dec.o(.text)
    _printf_longlong_oct                     0x00000a2d   Thumb Code    68  _printf_oct_int_ll.o(.text)
    _printf_int_oct                          0x00000a71   Thumb Code    24  _printf_oct_int_ll.o(.text)
    _printf_ll_oct                           0x00000a89   Thumb Code    10  _printf_oct_int_ll.o(.text)
    _printf_longlong_hex                     0x00000a9d   Thumb Code    88  _printf_hex_int_ll_ptr.o(.text)
    _printf_int_hex                          0x00000af5   Thumb Code    28  _printf_hex_int_ll_ptr.o(.text)
    _printf_ll_hex                           0x00000b11   Thumb Code    10  _printf_hex_int_ll_ptr.o(.text)
    _printf_hex_ptr                          0x00000b1b   Thumb Code    22  _printf_hex_int_ll_ptr.o(.text)
    __printf                                 0x00000b35   Thumb Code   386  __printf_flags_ss_wp.o(.text)
    _ll_udiv10                               0x00000cbd   Thumb Code   122  lludiv10.o(.text)
    _printf_int_common                       0x00000d37   Thumb Code   176  _printf_intcommon.o(.text)
    _printf_fp_dec_real                      0x00000f85   Thumb Code   620  _printf_fp_dec.o(.text)
    _printf_fp_hex_real                      0x000011fd   Thumb Code   718  _printf_fp_hex.o(.text)
    _printf_cs_common                        0x000014d5   Thumb Code    22  _printf_char.o(.text)
    _printf_char                             0x000014eb   Thumb Code    16  _printf_char.o(.text)
    _printf_string                           0x000014fb   Thumb Code     8  _printf_char.o(.text)
    _printf_lcs_common                       0x00001503   Thumb Code    22  _printf_wchar.o(.text)
    _printf_wchar                            0x00001519   Thumb Code    16  _printf_wchar.o(.text)
    _printf_wstring                          0x00001529   Thumb Code     8  _printf_wchar.o(.text)
    _c16rtomb                                0x00001531   Thumb Code    66  _c16rtomb.o(.text)
    _wcrtomb                                 0x00001531   Thumb Code     0  _c16rtomb.o(.text)
    __rt_udiv10                              0x00001573   Thumb Code    40  rtudiv10.o(.text)
    __user_setup_stackheap                   0x0000159b   Thumb Code    62  sys_stackheap_outer.o(.text)
    __rt_ctype_table                         0x000015d9   Thumb Code    16  rt_ctype_table.o(.text)
    __rt_locale                              0x000015e9   Thumb Code     8  rt_locale_intlibspace.o(.text)
    _printf_fp_infnan                        0x000015f1   Thumb Code   120  _printf_fp_infnan.o(.text)
    _btod_etento                             0x00001679   Thumb Code   210  bigflt0.o(.text)
    _btod_d2e                                0x00001751   Thumb Code    64  btod.o(.text)
    _btod_emul                               0x00001b85   Thumb Code    28  btod.o(.text)
    _btod_emuld                              0x00001ba1   Thumb Code   144  btod.o(.text)
    _btod_ediv                               0x00001c31   Thumb Code    26  btod.o(.text)
    _btod_edivd                              0x00001c4b   Thumb Code   124  btod.o(.text)
    exit                                     0x00001cd1   Thumb Code    16  exit.o(.text)
    __user_libspace                          0x00001ce1   Thumb Code     8  libspace.o(.text)
    __user_perproc_libspace                  0x00001ce1   Thumb Code     0  libspace.o(.text)
    __user_perthread_libspace                0x00001ce1   Thumb Code     0  libspace.o(.text)
    strcmp                                   0x00001ce9   Thumb Code   132  strcmp.o(.text)
    _sys_exit                                0x00001d71   Thumb Code     8  sys_exit.o(.text)
    ADC0_IRQHandler                          0x00001d7d   Thumb Code   156  lab_8_code.o(.text.ADC0_IRQHandler)
    __semihosting_library_function           0x00001d7d   Thumb Code     0  indicate_semi.o(.text)
    ENABLE_CLKS                              0x00001e41   Thumb Code    40  lab_8_code.o(.text.ENABLE_CLKS)
    Init_ADC                                 0x00001e69   Thumb Code    84  lab_8_code.o(.text.Init_ADC)
    Init_Buttons                             0x00001ed1   Thumb Code    76  lab_8_code.o(.text.Init_Buttons)
    Init_DAC                                 0x00001f3d   Thumb Code    32  lab_8_code.o(.text.Init_DAC)
    Init_LEDs                                0x00001f65   Thumb Code    72  lab_8_code.o(.text.Init_LEDs)
    Init_SysTick                             0x00001fbd   Thumb Code    32  lab_8_code.o(.text.Init_SysTick)
    LCD_command                              0x00001fe1   Thumb Code    84  lcd_lib_4bit_20b.o(.text.LCD_command)
    LCD_init                                 0x00002035   Thumb Code   252  lcd_lib_4bit_20b.o(.text.LCD_init)
    LCD_send_data                            0x00002145   Thumb Code    68  lcd_lib_4bit_20b.o(.text.LCD_send_data)
    PIT_IRQHandler                           0x00002195   Thumb Code    44  lab_8_code.o(.text.PIT_IRQHandler)
    PIT_Init                                 0x000021cd   Thumb Code   112  lab_8_code.o(.text.PIT_Init)
    PORTA_IRQHandler                         0x00002251   Thumb Code    72  lab_8_code.o(.text.PORTA_IRQHandler)
    SysTick_Handler                          0x000022f5   Thumb Code    88  lab_8_code.o(.text.SysTick_Handler)
    SystemInit                               0x00002361   Thumb Code     8  system_mkl25z4.o(.text.SystemInit)
    delayMs                                  0x00002449   Thumb Code    60  lcd_lib_4bit_20b.o(.text.delayMs)
    displayString                            0x00002489   Thumb Code   134  lab_8_code.o(.text.displayString)
    get_bpm                                  0x00002511   Thumb Code    56  lab_8_code.o(.text.get_bpm)
    get_heartbeat                            0x00002551   Thumb Code   116  lab_8_code.o(.text.get_heartbeat)
    main                                     0x000025d5   Thumb Code   276  lab_8_code.o(.text.main)
    pulse_the_LCD_enable                     0x00002729   Thumb Code    28  lcd_lib_4bit_20b.o(.text.pulse_the_LCD_enable)
    __ARM_common_ll_muluu                    0x0000274d   Thumb Code    48  btod.o(i.__ARM_common_ll_muluu)
    __ARM_fpclassify                         0x0000277d   Thumb Code    40  fpclassify.o(i.__ARM_fpclassify)
    _is_digit                                0x000027a9   Thumb Code    14  __printf_wp.o(i._is_digit)
    _get_lc_numeric                          0x000027b9   Thumb Code    44  lc_numeric_c.o(locale$$code)
    _get_lc_ctype                            0x000027e5   Thumb Code    44  lc_ctype_c.o(locale$$code)
    _printf_fp_dec                           0x00002811   Thumb Code    16  printf1.o(x$fpl$printf1)
    _printf_fp_hex                           0x00002821   Thumb Code    16  printf2.o(x$fpl$printf2)
    __I$use$fp                               0x00002830   Number         0  usenofp.o(x$fpl$usenofp)
    Region$$Table$$Base                      0x00002960   Number         0  anon$$obj.o(Region$$Table)
    Region$$Table$$Limit                     0x00002980   Number         0  anon$$obj.o(Region$$Table)
    __ctype                                  0x000029a9   Data           0  lc_ctype_c.o(locale$$data)
    HB_prog                                  0x1ffff000   Data           4  lab_8_code.o(.data.HB_prog)
    SystemCoreClock                          0x1ffff004   Data           4  system_mkl25z4.o(.data.SystemCoreClock)
    T_pit                                    0x1ffff008   Data           4  lab_8_code.o(.data.T_pit)
    dac_mode                                 0x1ffff00c   Data           4  lab_8_code.o(.data.dac_mode)
    last_start_state                         0x1ffff010   Data           4  lab_8_code.o(.data.last_start_state)
    waiting_for_first_beat                   0x1ffff014   Data           4  lab_8_code.o(.data.waiting_for_first_beat)
    __libspace_start                         0x1ffff018   Data          96  libspace.o(.bss)
    __temporary_stack_top$libspace           0x1ffff078   Data           0  libspace.o(.bss)
    beat_trig                                0x1ffff080   Data           4  lab_8_code.o(.bss.beat_trig)
    last_n                                   0x1ffff088   Data           4  lab_8_code.o(.bss.last_n)
    line0                                    0x1ffff08c   Data          16  lab_8_code.o(.bss.line0)
    line1                                    0x1ffff09c   Data          16  lab_8_code.o(.bss.line1)
    n_counts                                 0x1ffff0ac   Data           4  lab_8_code.o(.bss.n_counts)
    pit_count                                0x1ffff0b0   Data           4  lab_8_code.o(.bss.pit_count)
    program_start                            0x1ffff0b4   Data           4  lab_8_code.o(.bss.program_start)
    system_ms                                0x1ffff0b8   Data           4  lab_8_code.o(.bss.system_ms)



==============================================================================

Memory Map of the image

  Image Entry point : 0x0000027d

  Load Region LR_1 (Base: 0x00000000, Size: 0x00002ac4, Max: 0xffffffff, ABSOLUTE)

    Execution Region ER_RO (Exec base: 0x00000000, Load base: 0x00000000, Size: 0x00002aac, Max: 0xffffffff, ABSOLUTE)

    Exec Addr    Load Addr    Size         Type   Attr      Idx    E Section Name        Object

    0x00000000   0x00000000   0x000000c0   Data   RO           87    RESET               startup_mkl25z4.o
    0x000000c0   0x000000c0   0x00000008   Code   RO          119  * !!!main             c_p.l(__main.o)
    0x000000c8   0x000000c8   0x00000054   Code   RO          458    !!!scatter          c_p.l(__scatter.o)
    0x0000011c   0x0000011c   0x0000001a   Code   RO          462    !!handler_copy      c_p.l(__scatter_copy.o)
    0x00000136   0x00000136   0x00000002   PAD
    0x00000138   0x00000138   0x00000002   Code   RO          459    !!handler_null      c_p.l(__scatter.o)
    0x0000013a   0x0000013a   0x00000002   PAD
    0x0000013c   0x0000013c   0x0000001c   Code   RO          464    !!handler_zi        c_p.l(__scatter_zi.o)
    0x00000158   0x00000158   0x00000002   Code   RO          213    .ARM.Collect$$_printf_percent$$00000000  c_p.l(_printf_percent.o)
    0x0000015a   0x0000015a   0x0000000a   Code   RO          202    .ARM.Collect$$_printf_percent$$00000001  c_p.l(_printf_n.o)
    0x00000164   0x00000164   0x0000000a   Code   RO          204    .ARM.Collect$$_printf_percent$$00000002  c_p.l(_printf_p.o)
    0x0000016e   0x0000016e   0x0000000a   Code   RO          209    .ARM.Collect$$_printf_percent$$00000003  c_p.l(_printf_f.o)
    0x00000178   0x00000178   0x0000000a   Code   RO          210    .ARM.Collect$$_printf_percent$$00000004  c_p.l(_printf_e.o)
    0x00000182   0x00000182   0x0000000a   Code   RO          211    .ARM.Collect$$_printf_percent$$00000005  c_p.l(_printf_g.o)
    0x0000018c   0x0000018c   0x0000000a   Code   RO          212    .ARM.Collect$$_printf_percent$$00000006  c_p.l(_printf_a.o)
    0x00000196   0x00000196   0x0000000a   Code   RO          217    .ARM.Collect$$_printf_percent$$00000007  c_p.l(_printf_ll.o)
    0x000001a0   0x000001a0   0x0000000a   Code   RO          206    .ARM.Collect$$_printf_percent$$00000008  c_p.l(_printf_i.o)
    0x000001aa   0x000001aa   0x0000000a   Code   RO          207    .ARM.Collect$$_printf_percent$$00000009  c_p.l(_printf_d.o)
    0x000001b4   0x000001b4   0x0000000a   Code   RO          208    .ARM.Collect$$_printf_percent$$0000000A  c_p.l(_printf_u.o)
    0x000001be   0x000001be   0x0000000a   Code   RO          205    .ARM.Collect$$_printf_percent$$0000000B  c_p.l(_printf_o.o)
    0x000001c8   0x000001c8   0x0000000a   Code   RO          203    .ARM.Collect$$_printf_percent$$0000000C  c_p.l(_printf_x.o)
    0x000001d2   0x000001d2   0x0000000a   Code   RO          214    .ARM.Collect$$_printf_percent$$0000000D  c_p.l(_printf_lli.o)
    0x000001dc   0x000001dc   0x0000000a   Code   RO          215    .ARM.Collect$$_printf_percent$$0000000E  c_p.l(_printf_lld.o)
    0x000001e6   0x000001e6   0x0000000a   Code   RO          216    .ARM.Collect$$_printf_percent$$0000000F  c_p.l(_printf_llu.o)
    0x000001f0   0x000001f0   0x0000000a   Code   RO          221    .ARM.Collect$$_printf_percent$$00000010  c_p.l(_printf_llo.o)
    0x000001fa   0x000001fa   0x0000000a   Code   RO          222    .ARM.Collect$$_printf_percent$$00000011  c_p.l(_printf_llx.o)
    0x00000204   0x00000204   0x0000000a   Code   RO          218    .ARM.Collect$$_printf_percent$$00000012  c_p.l(_printf_l.o)
    0x0000020e   0x0000020e   0x0000000a   Code   RO          200    .ARM.Collect$$_printf_percent$$00000013  c_p.l(_printf_c.o)
    0x00000218   0x00000218   0x0000000a   Code   RO          201    .ARM.Collect$$_printf_percent$$00000014  c_p.l(_printf_s.o)
    0x00000222   0x00000222   0x0000000a   Code   RO          219    .ARM.Collect$$_printf_percent$$00000015  c_p.l(_printf_lc.o)
    0x0000022c   0x0000022c   0x0000000a   Code   RO          220    .ARM.Collect$$_printf_percent$$00000016  c_p.l(_printf_ls.o)
    0x00000236   0x00000236   0x00000004   Code   RO          266    .ARM.Collect$$_printf_percent$$00000017  c_p.l(_printf_percent_end.o)
    0x0000023a   0x0000023a   0x00000002   Code   RO          306    .ARM.Collect$$libinit$$00000000  c_p.l(libinit.o)
    0x0000023c   0x0000023c   0x00000000   Code   RO          331    .ARM.Collect$$libinit$$00000002  c_p.l(libinit2.o)
    0x0000023c   0x0000023c   0x00000000   Code   RO          333    .ARM.Collect$$libinit$$00000004  c_p.l(libinit2.o)
    0x0000023c   0x0000023c   0x00000000   Code   RO          335    .ARM.Collect$$libinit$$00000006  c_p.l(libinit2.o)
    0x0000023c   0x0000023c   0x00000000   Code   RO          338    .ARM.Collect$$libinit$$0000000C  c_p.l(libinit2.o)
    0x0000023c   0x0000023c   0x00000000   Code   RO          340    .ARM.Collect$$libinit$$0000000E  c_p.l(libinit2.o)
    0x0000023c   0x0000023c   0x00000000   Code   RO          342    .ARM.Collect$$libinit$$00000010  c_p.l(libinit2.o)
    0x0000023c   0x0000023c   0x00000006   Code   RO          343    .ARM.Collect$$libinit$$00000011  c_p.l(libinit2.o)
    0x00000242   0x00000242   0x00000000   Code   RO          345    .ARM.Collect$$libinit$$00000013  c_p.l(libinit2.o)
    0x00000242   0x00000242   0x0000000c   Code   RO          346    .ARM.Collect$$libinit$$00000014  c_p.l(libinit2.o)
    0x0000024e   0x0000024e   0x00000000   Code   RO          347    .ARM.Collect$$libinit$$00000015  c_p.l(libinit2.o)
    0x0000024e   0x0000024e   0x00000000   Code   RO          349    .ARM.Collect$$libinit$$00000017  c_p.l(libinit2.o)
    0x0000024e   0x0000024e   0x0000000a   Code   RO          350    .ARM.Collect$$libinit$$00000018  c_p.l(libinit2.o)
    0x00000258   0x00000258   0x00000000   Code   RO          351    .ARM.Collect$$libinit$$00000019  c_p.l(libinit2.o)
    0x00000258   0x00000258   0x00000000   Code   RO          353    .ARM.Collect$$libinit$$0000001B  c_p.l(libinit2.o)
    0x00000258   0x00000258   0x00000000   Code   RO          355    .ARM.Collect$$libinit$$0000001D  c_p.l(libinit2.o)
    0x00000258   0x00000258   0x00000000   Code   RO          357    .ARM.Collect$$libinit$$0000001F  c_p.l(libinit2.o)
    0x00000258   0x00000258   0x00000000   Code   RO          359    .ARM.Collect$$libinit$$00000021  c_p.l(libinit2.o)
    0x00000258   0x00000258   0x00000000   Code   RO          361    .ARM.Collect$$libinit$$00000023  c_p.l(libinit2.o)
    0x00000258   0x00000258   0x00000000   Code   RO          363    .ARM.Collect$$libinit$$00000025  c_p.l(libinit2.o)
    0x00000258   0x00000258   0x00000000   Code   RO          365    .ARM.Collect$$libinit$$00000027  c_p.l(libinit2.o)
    0x00000258   0x00000258   0x00000000   Code   RO          369    .ARM.Collect$$libinit$$0000002E  c_p.l(libinit2.o)
    0x00000258   0x00000258   0x00000000   Code   RO          371    .ARM.Collect$$libinit$$00000030  c_p.l(libinit2.o)
    0x00000258   0x00000258   0x00000000   Code   RO          373    .ARM.Collect$$libinit$$00000032  c_p.l(libinit2.o)
    0x00000258   0x00000258   0x00000000   Code   RO          375    .ARM.Collect$$libinit$$00000034  c_p.l(libinit2.o)
    0x00000258   0x00000258   0x00000002   Code   RO          376    .ARM.Collect$$libinit$$00000035  c_p.l(libinit2.o)
    0x0000025a   0x0000025a   0x00000002   Code   RO          413    .ARM.Collect$$libshutdown$$00000000  c_p.l(libshutdown.o)
    0x0000025c   0x0000025c   0x00000000   Code   RO          441    .ARM.Collect$$libshutdown$$00000002  c_p.l(libshutdown2.o)
    0x0000025c   0x0000025c   0x00000000   Code   RO          443    .ARM.Collect$$libshutdown$$00000004  c_p.l(libshutdown2.o)
    0x0000025c   0x0000025c   0x00000000   Code   RO          446    .ARM.Collect$$libshutdown$$00000007  c_p.l(libshutdown2.o)
    0x0000025c   0x0000025c   0x00000000   Code   RO          449    .ARM.Collect$$libshutdown$$0000000A  c_p.l(libshutdown2.o)
    0x0000025c   0x0000025c   0x00000000   Code   RO          451    .ARM.Collect$$libshutdown$$0000000C  c_p.l(libshutdown2.o)
    0x0000025c   0x0000025c   0x00000000   Code   RO          454    .ARM.Collect$$libshutdown$$0000000F  c_p.l(libshutdown2.o)
    0x0000025c   0x0000025c   0x00000002   Code   RO          455    .ARM.Collect$$libshutdown$$00000010  c_p.l(libshutdown2.o)
    0x0000025e   0x0000025e   0x00000000   Code   RO          127    .ARM.Collect$$rtentry$$00000000  c_p.l(__rtentry.o)
    0x0000025e   0x0000025e   0x00000000   Code   RO          233    .ARM.Collect$$rtentry$$00000002  c_p.l(__rtentry2.o)
    0x0000025e   0x0000025e   0x00000006   Code   RO          245    .ARM.Collect$$rtentry$$00000004  c_p.l(__rtentry4.o)
    0x00000264   0x00000264   0x00000000   Code   RO          235    .ARM.Collect$$rtentry$$00000009  c_p.l(__rtentry2.o)
    0x00000264   0x00000264   0x00000004   Code   RO          236    .ARM.Collect$$rtentry$$0000000A  c_p.l(__rtentry2.o)
    0x00000268   0x00000268   0x00000000   Code   RO          238    .ARM.Collect$$rtentry$$0000000C  c_p.l(__rtentry2.o)
    0x00000268   0x00000268   0x00000008   Code   RO          239    .ARM.Collect$$rtentry$$0000000D  c_p.l(__rtentry2.o)
    0x00000270   0x00000270   0x00000002   Code   RO          315    .ARM.Collect$$rtexit$$00000000  c_p.l(rtexit.o)
    0x00000272   0x00000272   0x00000000   Code   RO          382    .ARM.Collect$$rtexit$$00000002  c_p.l(rtexit2.o)
    0x00000272   0x00000272   0x00000004   Code   RO          383    .ARM.Collect$$rtexit$$00000003  c_p.l(rtexit2.o)
    0x00000276   0x00000276   0x00000006   Code   RO          384    .ARM.Collect$$rtexit$$00000004  c_p.l(rtexit2.o)
    0x0000027c   0x0000027c   0x00000040   Code   RO           89  * .text               startup_mkl25z4.o
    0x000002bc   0x000002bc   0x00000040   Code   RO          111    .text               c_p.l(snprintf.o)
    0x000002fc   0x000002fc   0x00000006   Code   RO          117    .text               c_p.l(heapauxi.o)
    0x00000302   0x00000302   0x00000002   PAD
    0x00000304   0x00000304   0x00000048   Code   RO          121    .text               fz_ps.l(dfixui.o)
    0x0000034c   0x0000034c   0x00000054   Code   RO          125    .text               fz_ps.l(f2d.o)
    0x000003a0   0x000003a0   0x0000004e   Code   RO          134    .text               c_p.l(_printf_pad.o)
    0x000003ee   0x000003ee   0x00000010   Code   RO          146    .text               c_p.l(_snputc.o)
    0x000003fe   0x000003fe   0x00000002   Code   RO          402    .text               c_p.l(use_no_semi.o)
    0x00000400   0x00000400   0x00000010   Code   RO           88    .ARM.__at_0x400     startup_mkl25z4.o
    0x00000410   0x00000410   0x0000016c   Code   RO          113    .text               c_p.l(aeabi_sdiv.o)
    0x0000057c   0x0000057c   0x00000248   Code   RO          123    .text               fz_ps.l(dmul.o)
    0x000007c4   0x000007c4   0x00000024   Code   RO          136    .text               c_p.l(_printf_truncate.o)
    0x000007e8   0x000007e8   0x00000052   Code   RO          138    .text               c_p.l(_printf_str.o)
    0x0000083a   0x0000083a   0x00000002   PAD
    0x0000083c   0x0000083c   0x0000006c   Code   RO          140    .text               c_p.l(_printf_dec.o)
    0x000008a8   0x000008a8   0x00000026   Code   RO          142    .text               c_p.l(_printf_charcount.o)
    0x000008ce   0x000008ce   0x00000002   PAD
    0x000008d0   0x000008d0   0x00000030   Code   RO          144    .text               c_p.l(_printf_char_common.o)
    0x00000900   0x00000900   0x000000bc   Code   RO          148    .text               c_p.l(_printf_wctomb.o)
    0x000009bc   0x000009bc   0x00000070   Code   RO          151    .text               c_p.l(_printf_longlong_dec.o)
    0x00000a2c   0x00000a2c   0x00000070   Code   RO          157    .text               c_p.l(_printf_oct_int_ll.o)
    0x00000a9c   0x00000a9c   0x00000098   Code   RO          177    .text               c_p.l(_printf_hex_int_ll_ptr.o)
    0x00000b34   0x00000b34   0x00000188   Code   RO          197    .text               c_p.l(__printf_flags_ss_wp.o)
    0x00000cbc   0x00000cbc   0x0000007a   Code   RO          249    .text               c_p.l(lludiv10.o)
    0x00000d36   0x00000d36   0x000000b0   Code   RO          251    .text               c_p.l(_printf_intcommon.o)
    0x00000de6   0x00000de6   0x00000002   PAD
    0x00000de8   0x00000de8   0x00000414   Code   RO          253    .text               c_p.l(_printf_fp_dec.o)
    0x000011fc   0x000011fc   0x000002d8   Code   RO          257    .text               c_p.l(_printf_fp_hex.o)
    0x000014d4   0x000014d4   0x0000002e   Code   RO          262    .text               c_p.l(_printf_char.o)
    0x00001502   0x00001502   0x0000002e   Code   RO          264    .text               c_p.l(_printf_wchar.o)
    0x00001530   0x00001530   0x00000042   Code   RO          267    .text               c_p.l(_c16rtomb.o)
    0x00001572   0x00001572   0x00000028   Code   RO          269    .text               c_p.l(rtudiv10.o)
    0x0000159a   0x0000159a   0x0000003e   Code   RO          271    .text               c_p.l(sys_stackheap_outer.o)
    0x000015d8   0x000015d8   0x00000010   Code   RO          274    .text               c_p.l(rt_ctype_table.o)
    0x000015e8   0x000015e8   0x00000008   Code   RO          279    .text               c_p.l(rt_locale_intlibspace.o)
    0x000015f0   0x000015f0   0x00000088   Code   RO          281    .text               c_p.l(_printf_fp_infnan.o)
    0x00001678   0x00001678   0x000000d8   Code   RO          283    .text               c_p.l(bigflt0.o)
    0x00001750   0x00001750   0x00000580   Code   RO          286    .text               c_p.l(btod.o)
    0x00001cd0   0x00001cd0   0x00000010   Code   RO          295    .text               c_p.l(exit.o)
    0x00001ce0   0x00001ce0   0x00000008   Code   RO          311    .text               c_p.l(libspace.o)
    0x00001ce8   0x00001ce8   0x00000088   Code   RO          328    .text               c_p.l(strcmp.o)
    0x00001d70   0x00001d70   0x0000000c   Code   RO          377    .text               c_p.l(sys_exit.o)
    0x00001d7c   0x00001d7c   0x00000000   Code   RO          404    .text               c_p.l(indicate_semi.o)
    0x00001d7c   0x00001d7c   0x000000c4   Code   RO           34    .text.ADC0_IRQHandler  lab_8_code.o
    0x00001e40   0x00001e40   0x00000028   Code   RO            2    .text.ENABLE_CLKS   lab_8_code.o
    0x00001e68   0x00001e68   0x00000068   Code   RO           32    .text.Init_ADC      lab_8_code.o
    0x00001ed0   0x00001ed0   0x0000006c   Code   RO           10    .text.Init_Buttons  lab_8_code.o
    0x00001f3c   0x00001f3c   0x00000028   Code   RO           36    .text.Init_DAC      lab_8_code.o
    0x00001f64   0x00001f64   0x00000058   Code   RO           18    .text.Init_LEDs     lab_8_code.o
    0x00001fbc   0x00001fbc   0x00000024   Code   RO            4    .text.Init_SysTick  lab_8_code.o
    0x00001fe0   0x00001fe0   0x00000054   Code   RO           75    .text.LCD_command   lcd_lib_4bit_20b.o
    0x00002034   0x00002034   0x00000110   Code   RO           69    .text.LCD_init      lcd_lib_4bit_20b.o
    0x00002144   0x00002144   0x00000050   Code   RO           77    .text.LCD_send_data  lcd_lib_4bit_20b.o
    0x00002194   0x00002194   0x00000038   Code   RO           22    .text.PIT_IRQHandler  lab_8_code.o
    0x000021cc   0x000021cc   0x00000084   Code   RO           20    .text.PIT_Init      lab_8_code.o
    0x00002250   0x00002250   0x00000054   Code   RO           16    .text.PORTA_IRQHandler  lab_8_code.o
    0x000022a4   0x000022a4   0x00000050   Code   RO            6    .text.SysTick_Config  lab_8_code.o
    0x000022f4   0x000022f4   0x0000006c   Code   RO           28    .text.SysTick_Handler  lab_8_code.o
    0x00002360   0x00002360   0x0000000c   Code   RO           98    .text.SystemInit    system_mkl25z4.o
    0x0000236c   0x0000236c   0x0000002c   Code   RO           12    .text.__NVIC_ClearPendingIRQ  lab_8_code.o
    0x00002398   0x00002398   0x0000002c   Code   RO           14    .text.__NVIC_EnableIRQ  lab_8_code.o
    0x000023c4   0x000023c4   0x00000084   Code   RO            8    .text.__NVIC_SetPriority  lab_8_code.o
    0x00002448   0x00002448   0x00000040   Code   RO           71    .text.delayMs       lcd_lib_4bit_20b.o
    0x00002488   0x00002488   0x00000086   Code   RO           26    .text.displayString  lab_8_code.o
    0x0000250e   0x0000250e   0x00000002   PAD
    0x00002510   0x00002510   0x00000040   Code   RO           24    .text.get_bpm       lab_8_code.o
    0x00002550   0x00002550   0x00000084   Code   RO           30    .text.get_heartbeat  lab_8_code.o
    0x000025d4   0x000025d4   0x00000154   Code   RO           38    .text.main          lab_8_code.o
    0x00002728   0x00002728   0x00000024   Code   RO           73    .text.pulse_the_LCD_enable  lcd_lib_4bit_20b.o
    0x0000274c   0x0000274c   0x00000030   Code   RO          288    i.__ARM_common_ll_muluu  c_p.l(btod.o)
    0x0000277c   0x0000277c   0x0000002c   Code   RO          309    i.__ARM_fpclassify  m_ps.l(fpclassify.o)
    0x000027a8   0x000027a8   0x0000000e   Code   RO          190    i._is_digit         c_p.l(__printf_wp.o)
    0x000027b6   0x000027b6   0x00000002   PAD
    0x000027b8   0x000027b8   0x0000002c   Code   RO          293    locale$$code        c_p.l(lc_numeric_c.o)
    0x000027e4   0x000027e4   0x0000002c   Code   RO          322    locale$$code        c_p.l(lc_ctype_c.o)
    0x00002810   0x00002810   0x00000010   Code   RO          223    x$fpl$printf1       fz_ps.l(printf1.o)
    0x00002820   0x00002820   0x00000010   Code   RO          225    x$fpl$printf2       fz_ps.l(printf2.o)
    0x00002830   0x00002830   0x00000000   Code   RO          231    x$fpl$usenofp       fz_ps.l(usenofp.o)
    0x00002830   0x00002830   0x00000008   Data   RO          149    .constdata          c_p.l(_printf_wctomb.o)
    0x00002838   0x00002838   0x00000028   Data   RO          178    .constdata          c_p.l(_printf_hex_int_ll_ptr.o)
    0x00002860   0x00002860   0x00000011   Data   RO          198    .constdata          c_p.l(__printf_flags_ss_wp.o)
    0x00002871   0x00002871   0x00000026   Data   RO          258    .constdata          c_p.l(_printf_fp_hex.o)
    0x00002897   0x00002897   0x00000001   PAD
    0x00002898   0x00002898   0x00000094   Data   RO          284    .constdata          c_p.l(bigflt0.o)
    0x0000292c   0x0000292c   0x00000032   Data   RO           58    .rodata.str1.1      lab_8_code.o
    0x0000295e   0x0000295e   0x00000002   PAD
    0x00002960   0x00002960   0x00000020   Data   RO          457    Region$$Table       anon$$obj.o
    0x00002980   0x00002980   0x0000001c   Data   RO          292    locale$$data        c_p.l(lc_numeric_c.o)
    0x0000299c   0x0000299c   0x00000110   Data   RO          321    locale$$data        c_p.l(lc_ctype_c.o)


    Execution Region ER_RW (Exec base: 0x1ffff000, Load base: 0x00002aac, Size: 0x00000018, Max: 0xffffffff, ABSOLUTE)

    Exec Addr    Load Addr    Size         Type   Attr      Idx    E Section Name        Object

    0x1ffff000   0x00002aac   0x00000004   Data   RW           52    .data.HB_prog       lab_8_code.o
    0x1ffff004   0x00002ab0   0x00000004   Data   RW          102    .data.SystemCoreClock  system_mkl25z4.o
    0x1ffff008   0x00002ab4   0x00000004   Data   RW           44    .data.T_pit         lab_8_code.o
    0x1ffff00c   0x00002ab8   0x00000004   Data   RW           41    .data.dac_mode      lab_8_code.o
    0x1ffff010   0x00002abc   0x00000004   Data   RW           51    .data.last_start_state  lab_8_code.o
    0x1ffff014   0x00002ac0   0x00000004   Data   RW           48    .data.waiting_for_first_beat  lab_8_code.o


    Execution Region ER_ZI (Exec base: 0x1ffff018, Load base: 0x00002ac4, Size: 0x000001a8, Max: 0xffffffff, ABSOLUTE)

    Exec Addr    Load Addr    Size         Type   Attr      Idx    E Section Name        Object

    0x1ffff018        -       0x00000060   Zero   RW          312    .bss                c_p.l(libspace.o)
    0x1ffff078        -       0x00000004   Zero   RW           55    .bss.PORTA_IRQHandler.last_press_time  lab_8_code.o
    0x1ffff07c        -       0x00000004   Zero   RW           56    .bss.SysTick_Handler.tick_count  lab_8_code.o
    0x1ffff080        -       0x00000004   Zero   RW           47    .bss.beat_trig      lab_8_code.o
    0x1ffff084        -       0x00000004   Zero   RW           57    .bss.get_heartbeat.last_trig_state  lab_8_code.o
    0x1ffff088        -       0x00000004   Zero   RW           50    .bss.last_n         lab_8_code.o
    0x1ffff08c        -       0x00000010   Zero   RW           59    .bss.line0          lab_8_code.o
    0x1ffff09c        -       0x00000010   Zero   RW           60    .bss.line1          lab_8_code.o
    0x1ffff0ac        -       0x00000004   Zero   RW           42    .bss.n_counts       lab_8_code.o
    0x1ffff0b0        -       0x00000004   Zero   RW           45    .bss.pit_count      lab_8_code.o
    0x1ffff0b4        -       0x00000004   Zero   RW           49    .bss.program_start  lab_8_code.o
    0x1ffff0b8        -       0x00000004   Zero   RW           46    .bss.system_ms      lab_8_code.o
    0x1ffff0bc   0x00002ac4   0x00000004   PAD
    0x1ffff0c0        -       0x00000000   Zero   RW           86    HEAP                startup_mkl25z4.o
    0x1ffff0c0        -       0x00000100   Zero   RW           85    STACK               startup_mkl25z4.o


==============================================================================

Image component sizes


      Code (inc. data)   RO Data    RW Data    ZI Data      Debug   Object Name

      1962        300         50         20         68       8584   lab_8_code.o
       536         44          0          0          0       1925   lcd_lib_4bit_20b.o
        80         44        192          0        256        952   startup_mkl25z4.o
        12          4          0          4          0       2614   system_mkl25z4.o

    ----------------------------------------------------------------------
      2592        392        276         24        328      14075   Object Totals
         0          0         32          0          0          0   (incl. Generated)
         2          0          2          0          4          0   (incl. Padding)

    ----------------------------------------------------------------------

      Code (inc. data)   RO Data    RW Data    ZI Data      Debug   Library Member Name

         8          0          0          0          0         68   __main.o
       392          6         17          0          0         76   __printf_flags_ss_wp.o
        14          0          0          0          0         60   __printf_wp.o
         0          0          0          0          0          0   __rtentry.o
        12          0          0          0          0          0   __rtentry2.o
         6          0          0          0          0          0   __rtentry4.o
        86         10          0          0          0          0   __scatter.o
        26          0          0          0          0          0   __scatter_copy.o
        28          0          0          0          0          0   __scatter_zi.o
        66          0          0          0          0         76   _c16rtomb.o
        10          0          0          0          0          0   _printf_a.o
        10          0          0          0          0          0   _printf_c.o
        46          0          0          0          0        100   _printf_char.o
        48          6          0          0          0         88   _printf_char_common.o
        38          0          0          0          0         60   _printf_charcount.o
        10          0          0          0          0          0   _printf_d.o
       108         18          0          0          0         76   _printf_dec.o
        10          0          0          0          0          0   _printf_e.o
        10          0          0          0          0          0   _printf_f.o
      1044         12          0          0          0        116   _printf_fp_dec.o
       728         10         38          0          0         84   _printf_fp_hex.o
       136         16          0          0          0         76   _printf_fp_infnan.o
        10          0          0          0          0          0   _printf_g.o
       152          4         40          0          0        148   _printf_hex_int_ll_ptr.o
        10          0          0          0          0          0   _printf_i.o
       176          0          0          0          0         84   _printf_intcommon.o
        10          0          0          0          0          0   _printf_l.o
        10          0          0          0          0          0   _printf_lc.o
        10          0          0          0          0          0   _printf_ll.o
        10          0          0          0          0          0   _printf_lld.o
        10          0          0          0          0          0   _printf_lli.o
        10          0          0          0          0          0   _printf_llo.o
        10          0          0          0          0          0   _printf_llu.o
        10          0          0          0          0          0   _printf_llx.o
       112         18          0          0          0         76   _printf_longlong_dec.o
        10          0          0          0          0          0   _printf_ls.o
        10          0          0          0          0          0   _printf_n.o
        10          0          0          0          0          0   _printf_o.o
       112         10          0          0          0        112   _printf_oct_int_ll.o
        10          0          0          0          0          0   _printf_p.o
        78          0          0          0          0        100   _printf_pad.o
         2          0          0          0          0          0   _printf_percent.o
         4          0          0          0          0          0   _printf_percent_end.o
        10          0          0          0          0          0   _printf_s.o
        82          0          0          0          0         72   _printf_str.o
        36          0          0          0          0         76   _printf_truncate.o
        10          0          0          0          0          0   _printf_u.o
        46          0          0          0          0        100   _printf_wchar.o
       188          6          8          0          0         80   _printf_wctomb.o
        10          0          0          0          0          0   _printf_x.o
        16          0          0          0          0         60   _snputc.o
       364          4          0          0          0         92   aeabi_sdiv.o
       216          6        148          0          0         80   bigflt0.o
      1456         30          0          0          0        336   btod.o
        16          0          0          0          0         68   exit.o
         6          0          0          0          0        136   heapauxi.o
         0          0          0          0          0          0   indicate_semi.o
        44         10        272          0          0         76   lc_ctype_c.o
        44         10         28          0          0         76   lc_numeric_c.o
         2          0          0          0          0          0   libinit.o
        30          0          0          0          0          0   libinit2.o
         2          0          0          0          0          0   libshutdown.o
         2          0          0          0          0          0   libshutdown2.o
         8          4          0          0         96         68   libspace.o
       122          0          0          0          0         72   lludiv10.o
        16          4          0          0          0         76   rt_ctype_table.o
         8          4          0          0          0         68   rt_locale_intlibspace.o
         2          0          0          0          0          0   rtexit.o
        10          0          0          0          0          0   rtexit2.o
        40          0          0          0          0         60   rtudiv10.o
        64          4          0          0          0         84   snprintf.o
       136          4          0          0          0         72   strcmp.o
        12          4          0          0          0         60   sys_exit.o
        62          0          0          0          0         80   sys_stackheap_outer.o
         2          0          0          0          0         68   use_no_semi.o
        72          4          0          0          0         68   dfixui.o
       584         26          0          0          0         84   dmul.o
        84          4          0          0          0         60   f2d.o
        16          4          0          0          0         76   printf1.o
        16          4          0          0          0         76   printf2.o
         0          0          0          0          0          0   usenofp.o
        44          4          0          0          0         60   fpclassify.o

    ----------------------------------------------------------------------
      7504        246        552          0         96       3784   Library Totals
        14          0          1          0          0          0   (incl. Padding)

    ----------------------------------------------------------------------

      Code (inc. data)   RO Data    RW Data    ZI Data      Debug   Library Name

      6674        200        551          0         96       3360   c_p.l
       772         42          0          0          0        364   fz_ps.l
        44          4          0          0          0         60   m_ps.l

    ----------------------------------------------------------------------
      7504        246        552          0         96       3784   Library Totals

    ----------------------------------------------------------------------

==============================================================================


      Code (inc. data)   RO Data    RW Data    ZI Data      Debug   

     10096        638        828         24        424      16067   Grand Totals
     10096        638        828         24        424      16067   ELF Image Totals
     10096        638        828         24          0          0   ROM Totals

==============================================================================

    Total RO  Size (Code + RO Data)                10924 (  10.67kB)
    Total RW  Size (RW Data + ZI Data)               448 (   0.44kB)
    Total ROM Size (Code + RO Data + RW Data)      10948 (  10.69kB)

==============================================================================

